 Copy_of_npsauv_complete_sfun

 Timestamp is 5d517b7a (Mon Aug 12 22:45:14 2019)

 Preferred load address is 0000000180000000

 Start         Length     Name                   Class
 0001:00000000 0000f0c0H .text$mn                CODE
 0001:0000f0c0 00000012H .text$mn$00             CODE
 0001:0000f0d2 00000081H .text$x                 CODE
 0002:00000000 000004b8H .idata$5                DATA
 0002:000004b8 00000010H .00cfg                  DATA
 0002:000004c8 00000008H .CRT$XCA                DATA
 0002:000004d0 00000008H .CRT$XCZ                DATA
 0002:000004d8 00000008H .CRT$XIA                DATA
 0002:000004e0 00000008H .CRT$XIZ                DATA
 0002:000004e8 00000008H .CRT$XPA                DATA
 0002:000004f0 00000008H .CRT$XPZ                DATA
 0002:000004f8 00000008H .CRT$XTA                DATA
 0002:00000500 00000010H .CRT$XTZ                DATA
 0002:00000510 000001c4H .rdata                  DATA
 0002:000006d4 0000022cH .rdata$zzzdbg           DATA
 0002:00000900 00000008H .rtc$IAA                DATA
 0002:00000908 00000008H .rtc$IZZ                DATA
 0002:00000910 00000008H .rtc$TAA                DATA
 0002:00000918 00000008H .rtc$TZZ                DATA
 0002:00000920 00000860H .xdata                  DATA
 0002:00001180 00000064H .edata                  DATA
 0002:000011e4 000000c8H .idata$2                DATA
 0002:000012ac 00000014H .idata$3                DATA
 0002:000012c0 000004b8H .idata$4                DATA
 0002:00001778 00000e36H .idata$6                DATA
 0003:00000000 00002ab0H .data                   DATA
 0003:00002ab0 00001630H .bss                    DATA
 0004:00000000 00000a14H .pdata                  DATA
 0005:00000000 00000018H .gfids$y                DATA

  Address         Publics by Value              Rva+Base               Lib:Object

 0000:00000000       __guard_longjmp_table      0000000000000000     <absolute>
 0000:00000000       __guard_iat_count          0000000000000000     <absolute>
 0000:00000000       ___safe_se_handler_count   0000000000000000     <absolute>
 0000:00000000       __guard_fids_table         0000000000000000     <absolute>
 0000:00000000       __dynamic_value_reloc_table 0000000000000000     <absolute>
 0000:00000000       __guard_iat_table          0000000000000000     <absolute>
 0000:00000000       __guard_fids_count         0000000000000000     <absolute>
 0000:00000000       ___safe_se_handler_table   0000000000000000     <absolute>
 0000:00000000       __guard_longjmp_count      0000000000000000     <absolute>
 0000:00000100       __guard_flags              0000000000000100     <absolute>
 0000:00000000       __ImageBase                0000000180000000     <linker-defined>
 0001:00000000       Copy_of_npsauv_complete_initializer 0000000180001000 f   Copy_of_npsauv_complete_sfun.obj
 0001:00000010       Copy_of_npsauv_complete_terminator 0000000180001010 f   Copy_of_npsauv_complete_sfun.obj
 0001:00000020       load_Copy_of_npsauv_complete_optimization_info 0000000180001020 f   Copy_of_npsauv_complete_sfun.obj
 0001:000000d0       unload_Copy_of_npsauv_complete_optimization_info 00000001800010d0 f   Copy_of_npsauv_complete_sfun.obj
 0001:00000100       sf_Copy_of_npsauv_complete_method_dispatcher 0000000180001100 f   Copy_of_npsauv_complete_sfun.obj
 0001:00000150       sf_Copy_of_npsauv_complete_process_check_sum_call 0000000180001150 f   Copy_of_npsauv_complete_sfun.obj
 0001:00000640       sf_Copy_of_npsauv_complete_autoinheritance_info 0000000180001640 f   Copy_of_npsauv_complete_sfun.obj
 0001:00000820       sf_Copy_of_npsauv_complete_get_eml_resolved_functions_info 0000000180001820 f   Copy_of_npsauv_complete_sfun.obj
 0001:000009a0       sf_Copy_of_npsauv_complete_third_party_uses_info 00000001800019a0 f   Copy_of_npsauv_complete_sfun.obj
 0001:00000b70       sf_Copy_of_npsauv_complete_jit_fallback_info 0000000180001b70 f   Copy_of_npsauv_complete_sfun.obj
 0001:00000d40       sf_Copy_of_npsauv_complete_updateBuildInfo_args_info 0000000180001d40 f   Copy_of_npsauv_complete_sfun.obj
 0001:00000f10       Copy_of_npsauv_complete_debug_initialize 0000000180001f10 f   Copy_of_npsauv_complete_sfun.obj
 0001:00000f90       Copy_of_npsauv_complete_register_exported_symbols 0000000180001f90 f   Copy_of_npsauv_complete_sfun.obj
 0001:00000fa0       sf_c1_Copy_of_npsauv_complete_get_eml_resolved_functions_info 0000000180001fa0 f   c1_Copy_of_npsauv_complete.obj
 0001:00001020       sf_c1_Copy_of_npsauv_complete_get_check_sum 0000000180002020 f   c1_Copy_of_npsauv_complete.obj
 0001:000010f0       c1_Copy_of_npsauv_complete_method_dispatcher 00000001800020f0 f   c1_Copy_of_npsauv_complete.obj
 0001:000032d0       sf_c1_Copy_of_npsauv_complete_get_post_codegen_info 00000001800042d0 f   c1_Copy_of_npsauv_complete.obj
 0001:000033a0       sf_c1_Copy_of_npsauv_complete_get_autoinheritance_info 00000001800043a0 f   c1_Copy_of_npsauv_complete.obj
 0001:00003930       sf_c1_Copy_of_npsauv_complete_third_party_uses_info 0000000180004930 f   c1_Copy_of_npsauv_complete.obj
 0001:00003960       sf_c1_Copy_of_npsauv_complete_jit_fallback_info 0000000180004960 f   c1_Copy_of_npsauv_complete.obj
 0001:00003af0       sf_c1_Copy_of_npsauv_complete_updateBuildInfo_args_info 0000000180004af0 f   c1_Copy_of_npsauv_complete.obj
 0001:00004790       mexFunction                0000000180005790 f   Copy_of_npsauv_complete_sfun_registry.obj
 0001:00006d50       _ssSetInputPortDirectFeedThroughFcn 0000000180007d50 f   Copy_of_npsauv_complete_sfun_registry.obj
 0001:00006ec0       _ssGetInputPortSignalPtrsFcn 0000000180007ec0 f   Copy_of_npsauv_complete_sfun_registry.obj
 0001:00007250       _ssGetInputPortSignalFcn   0000000180008250 f   Copy_of_npsauv_complete_sfun_registry.obj
 0001:000075e0       _ssSetInputPortReusableFcn 00000001800085e0 f   Copy_of_npsauv_complete_sfun_registry.obj
 0001:000076e0       _ssSetOutputPortReusableFcn 00000001800086e0 f   Copy_of_npsauv_complete_sfun_registry.obj
 0001:000077e0       _ssSetSymbolicDimsSupport  00000001800087e0 f   Copy_of_npsauv_complete_sfun_registry.obj
 0001:00007850       _ssRegisterSymbolicDimsExpr 0000000180008850 f   Copy_of_npsauv_complete_sfun_registry.obj
 0001:000078d0       _ssRegisterSymbolicDims    00000001800088d0 f   Copy_of_npsauv_complete_sfun_registry.obj
 0001:00007970       _ssRegisterSymbolicDimsString 0000000180008970 f   Copy_of_npsauv_complete_sfun_registry.obj
 0001:000079f0       _ssRegisterSymbolicDimsIntValue 00000001800089f0 f   Copy_of_npsauv_complete_sfun_registry.obj
 0001:00007a60       _ssRegisterSymbolicDimsPlus 0000000180008a60 f   Copy_of_npsauv_complete_sfun_registry.obj
 0001:00007ae0       _ssRegisterSymbolicDimsMinus 0000000180008ae0 f   Copy_of_npsauv_complete_sfun_registry.obj
 0001:00007b60       _ssRegisterSymbolicDimsMultiply 0000000180008b60 f   Copy_of_npsauv_complete_sfun_registry.obj
 0001:00007be0       _ssRegisterSymbolicDimsDivide 0000000180008be0 f   Copy_of_npsauv_complete_sfun_registry.obj
 0001:00007c60       _ssGetNumSymbolicDims      0000000180008c60 f   Copy_of_npsauv_complete_sfun_registry.obj
 0001:00007cd0       _ssGetSymbolicDim          0000000180008cd0 f   Copy_of_npsauv_complete_sfun_registry.obj
 0001:00007d50       _ssSetInputPortSymbolicDimsId 0000000180008d50 f   Copy_of_npsauv_complete_sfun_registry.obj
 0001:00007dc0       _ssGetCompInputPortSymbolicDimsId 0000000180008dc0 f   Copy_of_npsauv_complete_sfun_registry.obj
 0001:00007e30       _ssSetCompInputPortSymbolicDimsId 0000000180008e30 f   Copy_of_npsauv_complete_sfun_registry.obj
 0001:00007ea0       _ssSetOutputPortSymbolicDimsId 0000000180008ea0 f   Copy_of_npsauv_complete_sfun_registry.obj
 0001:00007f10       _ssGetCompOutputPortSymbolicDimsId 0000000180008f10 f   Copy_of_npsauv_complete_sfun_registry.obj
 0001:00007f80       _ssSetCompOutputPortSymbolicDimsId 0000000180008f80 f   Copy_of_npsauv_complete_sfun_registry.obj
 0001:00007ff0       _ssSetCompDWorkSymbolicDimsId 0000000180008ff0 f   Copy_of_npsauv_complete_sfun_registry.obj
 0001:00008060       ssGetIsZeroCrossControlDisabled 0000000180009060 f   Copy_of_npsauv_complete_sfun_registry.obj
 0001:000080d0       ssSetIsInputPortUsedForContZcSignal 00000001800090d0 f   Copy_of_npsauv_complete_sfun_registry.obj
 0001:00008140       ssSetZcSignalIsZcElementDisc 0000000180009140 f   Copy_of_npsauv_complete_sfun_registry.obj
 0001:000081f0       ssSetZcSignalName          00000001800091f0 f   Copy_of_npsauv_complete_sfun_registry.obj
 0001:00008260       ssSetZcSignalWidth         0000000180009260 f   Copy_of_npsauv_complete_sfun_registry.obj
 0001:000082d0       ssSetZcSignalZcEventType   00000001800092d0 f   Copy_of_npsauv_complete_sfun_registry.obj
 0001:00008340       ssSetZcSignalType          0000000180009340 f   Copy_of_npsauv_complete_sfun_registry.obj
 0001:000083b0       ssSetZcSignalZcTol         00000001800093b0 f   Copy_of_npsauv_complete_sfun_registry.obj
 0001:00008420       ssSetZcSignalNeedsEventNotification 0000000180009420 f   Copy_of_npsauv_complete_sfun_registry.obj
 0001:00008490       ssCreateAndAddZcSignalInfo 0000000180009490 f   Copy_of_npsauv_complete_sfun_registry.obj
 0001:00008500       ssCloneAndAddZcSignalInfo  0000000180009500 f   Copy_of_npsauv_complete_sfun_registry.obj
 0001:00008570       ssGetNumZcSignals          0000000180009570 f   Copy_of_npsauv_complete_sfun_registry.obj
 0001:000085e0       ssGetZcSignalVector        00000001800095e0 f   Copy_of_npsauv_complete_sfun_registry.obj
 0001:00008650       ssGetZcSignalName          0000000180009650 f   Copy_of_npsauv_complete_sfun_registry.obj
 0001:000086c0       ssGetZcSignalWidth         00000001800096c0 f   Copy_of_npsauv_complete_sfun_registry.obj
 0001:00008730       ssGetZcSignalZcEventType   0000000180009730 f   Copy_of_npsauv_complete_sfun_registry.obj
 0001:000087a0       ssGetZcSignalZcEvents      00000001800097a0 f   Copy_of_npsauv_complete_sfun_registry.obj
 0001:00008810       ssGetZcSignalType          0000000180009810 f   Copy_of_npsauv_complete_sfun_registry.obj
 0001:00008880       ssGetZcSignalZcTol         0000000180009880 f   Copy_of_npsauv_complete_sfun_registry.obj
 0001:00008900       ssGetZcSignalNeedsEventNotification 0000000180009900 f   Copy_of_npsauv_complete_sfun_registry.obj
 0001:00008970       ssGetZcSignalIsZcElementDisc 0000000180009970 f   Copy_of_npsauv_complete_sfun_registry.obj
 0001:00008a10       ssGetIsInputPortElementContinuous 0000000180009a10 f   Copy_of_npsauv_complete_sfun_registry.obj
 0001:00008ab0       _ssSetIWorkValueFcn        0000000180009ab0 f   Copy_of_npsauv_complete_sfun_registry.obj
 0001:00008b30       _ssGetIWorkValueFcn        0000000180009b30 f   Copy_of_npsauv_complete_sfun_registry.obj
 0001:00008ba0       _ssSetRWorkValueFcn        0000000180009ba0 f   Copy_of_npsauv_complete_sfun_registry.obj
 0001:00008c20       _ssGetRWorkValueFcn        0000000180009c20 f   Copy_of_npsauv_complete_sfun_registry.obj
 0001:00008c90       _ssSetPWorkValueFcn        0000000180009c90 f   Copy_of_npsauv_complete_sfun_registry.obj
 0001:00008d10       _ssGetPWorkValueFcn        0000000180009d10 f   Copy_of_npsauv_complete_sfun_registry.obj
 0001:00008d80       ssGetDTypeIdFromMxArray    0000000180009d80 f   Copy_of_npsauv_complete_sfun_registry.obj
 0001:00008ea0       ssWriteRTWStr              0000000180009ea0 f   Copy_of_npsauv_complete_sfun_registry.obj
 0001:00008f00       ssWriteRTWNameValuePair    0000000180009f00 f   Copy_of_npsauv_complete_sfun_registry.obj
 0001:00009400       ssWriteRTWParamSettings    000000018000a400 f   Copy_of_npsauv_complete_sfun_registry.obj
 0001:00009af0       ssWriteRTWParameters       000000018000aaf0 f   Copy_of_npsauv_complete_sfun_registry.obj
 0001:0000a0b0       ssWriteRTWWorkVect         000000018000b0b0 f   Copy_of_npsauv_complete_sfun_registry.obj
 0001:0000a610       ssWriteRTWMxVectParam      000000018000b610 f   Copy_of_npsauv_complete_sfun_registry.obj
 0001:0000a690       ssWriteRTWMx2dMatParam     000000018000b690 f   Copy_of_npsauv_complete_sfun_registry.obj
 0001:0000a720       _ssSetInputPortMatrixDimensions 000000018000b720 f   Copy_of_npsauv_complete_sfun_registry.obj
 0001:0000a840       _ssSetOutputPortMatrixDimensions 000000018000b840 f   Copy_of_npsauv_complete_sfun_registry.obj
 0001:0000a960       _ssSetInputPortVectorDimension 000000018000b960 f   Copy_of_npsauv_complete_sfun_registry.obj
 0001:0000aa10       _ssSetOutputPortVectorDimension 000000018000ba10 f   Copy_of_npsauv_complete_sfun_registry.obj
 0001:0000aac0       ssIsRunTimeParamTunable    000000018000bac0 f   Copy_of_npsauv_complete_sfun_registry.obj
 0001:0000ab30       ssGetSFuncBlockHandle      000000018000bb30 f   Copy_of_npsauv_complete_sfun_registry.obj
 0001:0000aba0       _ssGetCurrentInputPortWidth 000000018000bba0 f   Copy_of_npsauv_complete_sfun_registry.obj
 0001:0000acc0       _ssGetCurrentOutputPortWidth 000000018000bcc0 f   Copy_of_npsauv_complete_sfun_registry.obj
 0001:0000ade0       _ssGetCallSystemNumFcnCallDestinations 000000018000bde0 f   Copy_of_npsauv_complete_sfun_registry.obj
 0001:0000ae50       ssGetParameterTuningCompliance 000000018000be50 f   Copy_of_npsauv_complete_sfun_registry.obj
 0001:0000aec0       ssWarning                  000000018000bec0 f   Copy_of_npsauv_complete_sfun_registry.obj
 0001:0000afb0       _ssGetAbsTol               000000018000bfb0 f   Copy_of_npsauv_complete_sfun_registry.obj
 0001:0000b020       _ssSetStateAbsTol          000000018000c020 f   Copy_of_npsauv_complete_sfun_registry.obj
 0001:0000b100       sf_process_check_sum_call  000000018000c100 f   Copy_of_npsauv_complete_sfun_registry.obj
 0001:0000b150       sf_process_autoinheritance_call 000000018000c150 f   Copy_of_npsauv_complete_sfun_registry.obj
 0001:0000b380       sf_process_get_third_party_uses_info_call 000000018000c380 f   Copy_of_npsauv_complete_sfun_registry.obj
 0001:0000b5b0       sf_process_get_jit_fallback_info_call 000000018000c5b0 f   Copy_of_npsauv_complete_sfun_registry.obj
 0001:0000b7e0       sf_process_get_updateBuildInfo_args_info_call 000000018000c7e0 f   Copy_of_npsauv_complete_sfun_registry.obj
 0001:0000ba10       sf_process_get_eml_resolved_functions_info_call 000000018000ca10 f   Copy_of_npsauv_complete_sfun_registry.obj
 0001:0000bc10       sf_mex_unlock_call         000000018000cc10 f   Copy_of_npsauv_complete_sfun_registry.obj
 0001:0000beb0       sf_machine_global_initializer_called 000000018000ceb0 f   Copy_of_npsauv_complete_sfun_registry.obj
 0001:0000bee0       sf_machine_global_method_dispatcher 000000018000cee0 f   Copy_of_npsauv_complete_sfun_registry.obj
 0001:0000bf40       sf_machine_global_terminator 000000018000cf40 f   Copy_of_npsauv_complete_sfun_registry.obj
 0001:0000bf90       sf_register_machine_exported_symbols 000000018000cf90 f   Copy_of_npsauv_complete_sfun_registry.obj
 0001:0000bfb0       callCustomFcn              000000018000cfb0 f   Copy_of_npsauv_complete_sfun_registry.obj
 0001:0000bfc0       sf_machine_global_initializer 000000018000cfc0 f   Copy_of_npsauv_complete_sfun_registry.obj
 0001:0000c040       mdlGetSimState             000000018000d040 f   Copy_of_npsauv_complete_sfun_registry.obj
 0001:0000c080       mdlSetSimState             000000018000d080 f   Copy_of_npsauv_complete_sfun_registry.obj
 0001:0000c8f0       ProcessMexSfunctionEveryCall 000000018000d8f0 f   Copy_of_npsauv_complete_sfun_registry.obj
 0001:0000d950       __local_stdio_printf_options 000000018000e950 f i Copy_of_npsauv_complete_sfun_registry.obj
 0001:0000d960       _vsnprintf_l               000000018000e960 f i Copy_of_npsauv_complete_sfun_registry.obj
 0001:0000d9e0       _vsprintf_l                000000018000e9e0 f i Copy_of_npsauv_complete_sfun_registry.obj
 0001:0000da30       sprintf                    000000018000ea30 f i Copy_of_npsauv_complete_sfun_registry.obj
 0001:0000da80       sf_load_rtw_optimization_info 000000018000ea80 f   sf_runtime:sf_runtime.dll
 0001:0000da86       sf_debug_initialize_machine 000000018000ea86 f   sf_runtime:sf_runtime.dll
 0001:0000da8c       sf_debug_set_machine_event_thresholds 000000018000ea8c f   sf_runtime:sf_runtime.dll
 0001:0000da92       sf_debug_set_machine_data_thresholds 000000018000ea92 f   sf_runtime:sf_runtime.dll
 0001:0000da98       sf_init_ChartRunTimeInfo   000000018000ea98 f   sf_runtime:sf_runtime.dll
 0001:0000da9e       sf_free_ChartRunTimeInfo   000000018000ea9e f   sf_runtime:sf_runtime.dll
 0001:0000daa4       sfrtGetEmlrtCtx            000000018000eaa4 f   sf_runtime:sf_runtime.dll
 0001:0000daaa       sf_get_chart_instance_ptr  000000018000eaaa f   sf_runtime:sf_runtime.dll
 0001:0000dab0       sf_rtw_info_uint_prop      000000018000eab0 f   sf_runtime:sf_runtime.dll
 0001:0000dab6       sf_update_buildInfo        000000018000eab6 f   sf_runtime:sf_runtime.dll
 0001:0000dabc       sf_is_chart_inlinable      000000018000eabc f   sf_runtime:sf_runtime.dll
 0001:0000dac2       sf_mark_chart_reusable_outputs 000000018000eac2 f   sf_runtime:sf_runtime.dll
 0001:0000dac8       sf_mark_chart_expressionable_inputs 000000018000eac8 f   sf_runtime:sf_runtime.dll
 0001:0000dace       sim_mode_is_rtw_gen        000000018000eace f   sf_runtime:sf_runtime.dll
 0001:0000dad4       sim_mode_is_external       000000018000ead4 f   sf_runtime:sf_runtime.dll
 0001:0000dada       sim_mode_is_modelref_sim   000000018000eada f   sf_runtime:sf_runtime.dll
 0001:0000dae0       sf_mex_listen_for_ctrl_c_with_debugger 000000018000eae0 f   sf_runtime:sf_runtime.dll
 0001:0000dae6       sf_clear_rtw_identifier    000000018000eae6 f   sf_runtime:sf_runtime.dll
 0001:0000daec       sf_set_rtw_dwork_info      000000018000eaec f   sf_runtime:sf_runtime.dll
 0001:0000daf2       sf_get_time                000000018000eaf2 f   sf_runtime:sf_runtime.dll
 0001:0000daf8       sf_is_first_init_cond      000000018000eaf8 f   sf_runtime:sf_runtime.dll
 0001:0000dafe       sf_set_chart_accesses_machine_info 000000018000eafe f   sf_runtime:sf_runtime.dll
 0001:0000db04       sf_register_codegen_names_for_scoped_functions_defined_by_chart 000000018000eb04 f   sf_runtime:sf_runtime.dll
 0001:0000db0a       sf_mex_error_message       000000018000eb0a f   sf_runtime:sf_runtime.dll
 0001:0000db10       sf_mex_create              000000018000eb10 f   sf_runtime:sf_runtime.dll
 0001:0000db16       sf_mex_createcellmatrix    000000018000eb16 f   sf_runtime:sf_runtime.dll
 0001:0000db1c       sf_mex_setcell             000000018000eb1c f   sf_runtime:sf_runtime.dll
 0001:0000db22       sf_mex_getcell             000000018000eb22 f   sf_runtime:sf_runtime.dll
 0001:0000db28       sf_mex_assign              000000018000eb28 f   sf_runtime:sf_runtime.dll
 0001:0000db2e       sf_mex_dup                 000000018000eb2e f   sf_runtime:sf_runtime.dll
 0001:0000db34       sf_mex_destroy             000000018000eb34 f   sf_runtime:sf_runtime.dll
 0001:0000db3a       sf_mex_import              000000018000eb3a f   sf_runtime:sf_runtime.dll
 0001:0000db40       sf_mex_decode_encoded_mx_struct_array 000000018000eb40 f   sf_runtime:sf_runtime.dll
 0001:0000db46       ssGetInputPortSignal_wrapper 000000018000eb46 f   sf_runtime:sf_runtime.dll
 0001:0000db4c       ssGetOutputPortSignal_wrapper 000000018000eb4c f   sf_runtime:sf_runtime.dll
 0001:0000db52       sf_debug_initialize_chart  000000018000eb52 f   sf_runtime:sf_runtime.dll
 0001:0000db58       sf_debug_call              000000018000eb58 f   sf_runtime:sf_runtime.dll
 0001:0000db5e       eml_debug_line_call        000000018000eb5e f   sf_runtime:sf_runtime.dll
 0001:0000db64       cv_eml_eval                000000018000eb64 f   sf_runtime:sf_runtime.dll
 0001:0000db6a       cv_eval_relational         000000018000eb6a f   sf_runtime:sf_runtime.dll
 0001:0000db70       cv_eml_init_script         000000018000eb70 f   sf_runtime:sf_runtime.dll
 0001:0000db76       cv_eml_init_fcn            000000018000eb76 f   sf_runtime:sf_runtime.dll
 0001:0000db7c       cv_eml_init_if             000000018000eb7c f   sf_runtime:sf_runtime.dll
 0001:0000db82       cv_eml_init_while          000000018000eb82 f   sf_runtime:sf_runtime.dll
 0001:0000db88       cv_eml_init_relational     000000018000eb88 f   sf_runtime:sf_runtime.dll
 0001:0000db8e       sf_debug_reset_current_state_configuration 000000018000eb8e f   sf_runtime:sf_runtime.dll
 0001:0000db94       sf_debug_check_for_state_inconsistency 000000018000eb94 f   sf_runtime:sf_runtime.dll
 0001:0000db9a       sf_debug_set_chart_data_props 000000018000eb9a f   sf_runtime:sf_runtime.dll
 0001:0000dba0       sf_debug_set_chart_data_compiled_props 000000018000eba0 f   sf_runtime:sf_runtime.dll
 0001:0000dba6       sf_debug_symbol_scope_push 000000018000eba6 f   sf_runtime:sf_runtime.dll
 0001:0000dbac       sf_debug_symbol_scope_push_eml 000000018000ebac f   sf_runtime:sf_runtime.dll
 0001:0000dbb2       sf_debug_symbol_scope_pop  000000018000ebb2 f   sf_runtime:sf_runtime.dll
 0001:0000dbb8       sf_debug_symbol_scope_add_eml 000000018000ebb8 f   sf_runtime:sf_runtime.dll
 0001:0000dbbe       sf_debug_symbol_scope_add_eml_importable 000000018000ebbe f   sf_runtime:sf_runtime.dll
 0001:0000dbc4       sf_debug_set_instance_data_value_ptr 000000018000ebc4 f   sf_runtime:sf_runtime.dll
 0001:0000dbca       sf_debug_set_chart_disable_implicit_casting 000000018000ebca f   sf_runtime:sf_runtime.dll
 0001:0000dbd0       sf_debug_set_chart_event_thresholds 000000018000ebd0 f   sf_runtime:sf_runtime.dll
 0001:0000dbd6       sf_debug_set_chart_state_info 000000018000ebd6 f   sf_runtime:sf_runtime.dll
 0001:0000dbdc       sf_debug_set_chart_decomposition 000000018000ebdc f   sf_runtime:sf_runtime.dll
 0001:0000dbe2       sf_debug_set_chart_substate_count 000000018000ebe2 f   sf_runtime:sf_runtime.dll
 0001:0000dbe8       sf_debug_data_range_wrapper 000000018000ebe8 f   sf_runtime:sf_runtime.dll
 0001:0000dbee       sf_debug_cv_init_trans     000000018000ebee f   sf_runtime:sf_runtime.dll
 0001:0000dbf4       sf_debug_cv_init_chart     000000018000ebf4 f   sf_runtime:sf_runtime.dll
 0001:0000dbfa       sf_debug_cv_init_state     000000018000ebfa f   sf_runtime:sf_runtime.dll
 0001:0000dc00       sf_get_ChartInfoStruct_CodeGen 000000018000ec00 f   sf_runtime:sf_runtime.dll
 0001:0000dc06       sf_get_hasSeparateUpdateOutputs 000000018000ec06 f   sf_runtime:sf_runtime.dll
 0001:0000dc0c       callMdlMethodAndReportError 000000018000ec0c f   sf_runtime:sf_runtime.dll
 0001:0000dc12       call_sf_machine_global_method_dispatcher 000000018000ec12 f   sf_runtime:sf_runtime.dll
 0001:0000dc18       getRuntimeInstanceInfoAsVoid 000000018000ec18 f   sf_runtime:sf_runtime.dll
 0001:0000dc1e       sf_mex_error_direct_call   000000018000ec1e f   sf_runtime:sf_runtime.dll
 0001:0000dc24       sf_clear_error_manager_info 000000018000ec24 f   sf_runtime:sf_runtime.dll
 0001:0000dc2a       sf_debug_create_debug_instance_struct 000000018000ec2a f   sf_runtime:sf_runtime.dll
 0001:0000dc30       sf_debug_terminate         000000018000ec30 f   sf_runtime:sf_runtime.dll
 0001:0000dc36       sf_debug_api               000000018000ec36 f   sf_runtime:sf_runtime.dll
 0001:0000dc3c       mxIsChar                   000000018000ec3c f   libmx:libmx.dll
 0001:0000dc42       mxGetPr                    000000018000ec42 f   libmx:libmx.dll
 0001:0000dc48       mxGetScalar                000000018000ec48 f   libmx:libmx.dll
 0001:0000dc4e       mxDestroyArray             000000018000ec4e f   libmx:libmx.dll
 0001:0000dc54       mxCreateDoubleMatrix_730   000000018000ec54 f   libmx:libmx.dll
 0001:0000dc5a       mxGetString_730            000000018000ec5a f   libmx:libmx.dll
 0001:0000dc60       mxDuplicateArray           000000018000ec60 f   libmx:libmx.dll
 0001:0000dc66       mxSetField_730             000000018000ec66 f   libmx:libmx.dll
 0001:0000dc6c       mxCreateDoubleScalar       000000018000ec6c f   libmx:libmx.dll
 0001:0000dc72       mxCreateString             000000018000ec72 f   libmx:libmx.dll
 0001:0000dc78       mxCreateCellMatrix_730     000000018000ec78 f   libmx:libmx.dll
 0001:0000dc7e       mxCreateCellArray_730      000000018000ec7e f   libmx:libmx.dll
 0001:0000dc84       mxCreateStructMatrix_730   000000018000ec84 f   libmx:libmx.dll
 0001:0000dc8a       mxCreateStructArray_730    000000018000ec8a f   libmx:libmx.dll
 0001:0000dc90       mxCalloc                   000000018000ec90 f   libmx:libmx.dll
 0001:0000dc96       mxGetM                     000000018000ec96 f   libmx:libmx.dll
 0001:0000dc9c       mxGetClassID               000000018000ec9c f   libmx:libmx.dll
 0001:0000dca2       mxIsNumeric                000000018000eca2 f   libmx:libmx.dll
 0001:0000dca8       mxIsComplex                000000018000eca8 f   libmx:libmx.dll
 0001:0000dcae       mxGetN                     000000018000ecae f   libmx:libmx.dll
 0001:0000dcb4       mexMakeArrayPersistent     000000018000ecb4 f   libmex:libmex.dll
 0001:0000dcba       mexErrMsgTxt               000000018000ecba f   libmex:libmex.dll
 0001:0000dcc0       mexWarnMsgTxt              000000018000ecc0 f   libmex:libmex.dll
 0001:0000dcc6       mexCallMATLABWithObject    000000018000ecc6 f   libmex:libmex.dll
 0001:0000dccc       mexLock                    000000018000eccc f   libmex:libmex.dll
 0001:0000dcd2       mexUnlock                  000000018000ecd2 f   libmex:libmex.dll
 0001:0000dcd8       mexIsLocked                000000018000ecd8 f   libmex:libmex.dll
 0001:0000dcde       utMalloc                   000000018000ecde f   libut:libut.dll
 0001:0000dce4       utFree                     000000018000ece4 f   libut:libut.dll
 0001:0000dcec       __raise_securityfailure    000000018000ecec f   MSVCRT:gs_report.obj
 0001:0000dd20       __report_gsfailure         000000018000ed20 f   MSVCRT:gs_report.obj
 0001:0000ddf4       __report_rangecheckfailure 000000018000edf4 f   MSVCRT:gs_report.obj
 0001:0000de08       __report_securityfailure   000000018000ee08 f   MSVCRT:gs_report.obj
 0001:0000dea4       __report_securityfailureEx 000000018000eea4 f   MSVCRT:gs_report.obj
 0001:0000e098       __GSHandlerCheck           000000018000f098 f   MSVCRT:_gshandler_.obj
 0001:0000e0b8       __GSHandlerCheckCommon     000000018000f0b8 f   MSVCRT:_gshandler_.obj
 0001:0000e130       __security_check_cookie    000000018000f130 f   MSVCRT:_amdsecgs_.obj
 0001:0000e4a0       _CRT_INIT                  000000018000f4a0 f   MSVCRT:dll_dllmain.obj
 0001:0000e4a8       _DllMainCRTStartup         000000018000f4a8 f   MSVCRT:dll_dllmain.obj
 0001:0000e4e8       ??$__crt_fast_decode_pointer@PEAP6AXXZ@@YAPEAP6AXXZQEAP6AXXZ@Z 000000018000f4e8 f i MSVCRT:utility.obj
 0001:0000e500       ??$__crt_fast_encode_pointer@PEAP6AXXZ@@YAPEAP6AXXZQEAP6AXXZ@Z 000000018000f500 f i MSVCRT:utility.obj
 0001:0000e520       ?__crt_rotate_pointer_value@@YA_K_KH@Z 000000018000f520 f i MSVCRT:utility.obj
 0001:0000e52c       ?configure_argv@__scrt_narrow_argv_policy@@SAHXZ 000000018000f52c f i MSVCRT:utility.obj
 0001:0000e5bc       NtCurrentTeb               000000018000f5bc f i MSVCRT:utility.obj
 0001:0000e5c8       __scrt_acquire_startup_lock 000000018000f5c8 f   MSVCRT:utility.obj
 0001:0000e604       __scrt_dllmain_after_initialize_c 000000018000f604 f   MSVCRT:utility.obj
 0001:0000e638       __scrt_dllmain_before_initialize_c 000000018000f638 f   MSVCRT:utility.obj
 0001:0000e650       __scrt_dllmain_crt_thread_attach 000000018000f650 f   MSVCRT:utility.obj
 0001:0000e678       __scrt_dllmain_crt_thread_detach 000000018000f678 f   MSVCRT:utility.obj
 0001:0000e690       __scrt_dllmain_exception_filter 000000018000f690 f   MSVCRT:utility.obj
 0001:0000e6f4       __scrt_dllmain_uninitialize_c 000000018000f6f4 f   MSVCRT:utility.obj
 0001:0000e724       __scrt_dllmain_uninitialize_critical 000000018000f724 f   MSVCRT:utility.obj
 0001:0000e738       __scrt_initialize_crt      000000018000f738 f   MSVCRT:utility.obj
 0001:0000e784       __scrt_initialize_onexit_tables 000000018000f784 f   MSVCRT:utility.obj
 0001:0000e850       __scrt_is_nonwritable_in_current_image 000000018000f850 f   MSVCRT:utility.obj
 0001:0000e8ec       __scrt_release_startup_lock 000000018000f8ec f   MSVCRT:utility.obj
 0001:0000e910       __scrt_uninitialize_crt    000000018000f910 f   MSVCRT:utility.obj
 0001:0000e93c       _onexit                    000000018000f93c f   MSVCRT:utility.obj
 0001:0000e98c       at_quick_exit              000000018000f98c f   MSVCRT:utility.obj
 0001:0000e9c4       atexit                     000000018000f9c4 f   MSVCRT:utility.obj
 0001:0000e9dc       __security_init_cookie     000000018000f9dc f   MSVCRT:gs_support.obj
 0001:0000ea88       DllMain                    000000018000fa88 f   MSVCRT:dll_dllmain_stub.obj
 0001:0000eaac       ?__scrt_initialize_type_info@@YAXXZ 000000018000faac f   MSVCRT:tncleanup.obj
 0001:0000eabc       ?__scrt_uninitialize_type_info@@YAXXZ 000000018000fabc f   MSVCRT:tncleanup.obj
 0001:0000eac8       __local_stdio_scanf_options 000000018000fac8 f i MSVCRT:default_local_stdio_options.obj
 0001:0000ead0       __scrt_initialize_default_local_stdio_options 000000018000fad0 f   MSVCRT:default_local_stdio_options.obj
 0001:0000eaec       __scrt_get_dyn_tls_init_callback 000000018000faec f   MSVCRT:dyn_tls_init.obj
 0001:0000eaf4       __crt_debugger_hook        000000018000faf4 f   MSVCRT:utility_desktop.obj
 0001:0000eafc       __scrt_fastfail            000000018000fafc f   MSVCRT:utility_desktop.obj
 0001:0000ec44       __scrt_get_show_window_mode 000000018000fc44 f   MSVCRT:utility_desktop.obj
 0001:0000ec80       __scrt_initialize_winrt    000000018000fc80 f   MSVCRT:utility_desktop.obj
 0001:0000ec84       __scrt_is_managed_app      000000018000fc84 f   MSVCRT:utility_desktop.obj
 0001:0000ecd8       __scrt_set_unhandled_exception_filter 000000018000fcd8 f   MSVCRT:utility_desktop.obj
 0001:0000ece8       __scrt_unhandled_exception_filter 000000018000fce8 f   MSVCRT:utility_desktop.obj
 0001:0000ed20       _RTC_Initialize            000000018000fd20 f   MSVCRT:_initsect_.obj
 0001:0000ed6c       _RTC_Terminate             000000018000fd6c f   MSVCRT:_initsect_.obj
 0001:0000edb8       _guard_check_icall         000000018000fdb8 f i MSVCRT:checkcfg.obj
 0001:0000edc0       __isa_available_init       000000018000fdc0 f   MSVCRT:_cpu_disp_.obj
 0001:0000ef88       _get_startup_argv_mode     000000018000ff88 f   MSVCRT:argv_mode.obj
 0001:0000ef90       __scrt_is_ucrt_dll_in_use  000000018000ff90 f   MSVCRT:ucrt_detection.obj
 0001:0000ef9c       _guard_check_icall_nop     000000018000ff9c f i MSVCRT:guard_support.obj
 0001:0000efa0       _guard_icall_checks_enforced 000000018000ffa0 f i MSVCRT:guard_support.obj
 0001:0000efc0       RtlCaptureContext          000000018000ffc0 f   kernel32:KERNEL32.dll
 0001:0000efc6       RtlLookupFunctionEntry     000000018000ffc6 f   kernel32:KERNEL32.dll
 0001:0000efcc       RtlVirtualUnwind           000000018000ffcc f   kernel32:KERNEL32.dll
 0001:0000efd2       UnhandledExceptionFilter   000000018000ffd2 f   kernel32:KERNEL32.dll
 0001:0000efd8       SetUnhandledExceptionFilter 000000018000ffd8 f   kernel32:KERNEL32.dll
 0001:0000efde       GetCurrentProcess          000000018000ffde f   kernel32:KERNEL32.dll
 0001:0000efe4       TerminateProcess           000000018000ffe4 f   kernel32:KERNEL32.dll
 0001:0000efea       IsProcessorFeaturePresent  000000018000ffea f   kernel32:KERNEL32.dll
 0001:0000eff0       QueryPerformanceCounter    000000018000fff0 f   kernel32:KERNEL32.dll
 0001:0000eff6       GetCurrentProcessId        000000018000fff6 f   kernel32:KERNEL32.dll
 0001:0000effc       GetCurrentThreadId         000000018000fffc f   kernel32:KERNEL32.dll
 0001:0000f002       GetSystemTimeAsFileTime    0000000180010002 f   kernel32:KERNEL32.dll
 0001:0000f008       DisableThreadLibraryCalls  0000000180010008 f   kernel32:KERNEL32.dll
 0001:0000f00e       InitializeSListHead        000000018001000e f   kernel32:KERNEL32.dll
 0001:0000f014       IsDebuggerPresent          0000000180010014 f   kernel32:KERNEL32.dll
 0001:0000f01a       GetStartupInfoW            000000018001001a f   kernel32:KERNEL32.dll
 0001:0000f020       GetModuleHandleW           0000000180010020 f   kernel32:KERNEL32.dll
 0001:0000f026       memset                     0000000180010026 f   vcruntime:VCRUNTIME140.dll
 0001:0000f02c       memcpy                     000000018001002c f   vcruntime:VCRUNTIME140.dll
 0001:0000f032       __C_specific_handler       0000000180010032 f   vcruntime:VCRUNTIME140.dll
 0001:0000f038       __std_type_info_destroy_list 0000000180010038 f   vcruntime:VCRUNTIME140.dll
 0001:0000f03e       strcmp                     000000018001003e f   ucrt:api-ms-win-crt-string-l1-1-0.dll
 0001:0000f044       free                       0000000180010044 f   ucrt:api-ms-win-crt-heap-l1-1-0.dll
 0001:0000f04a       malloc                     000000018001004a f   ucrt:api-ms-win-crt-heap-l1-1-0.dll
 0001:0000f050       __stdio_common_vsprintf    0000000180010050 f   ucrt:api-ms-win-crt-stdio-l1-1-0.dll
 0001:0000f056       strlen                     0000000180010056 f   ucrt:api-ms-win-crt-string-l1-1-0.dll
 0001:0000f05c       _initterm                  000000018001005c f   ucrt:api-ms-win-crt-runtime-l1-1-0.dll
 0001:0000f062       _initterm_e                0000000180010062 f   ucrt:api-ms-win-crt-runtime-l1-1-0.dll
 0001:0000f068       _seh_filter_dll            0000000180010068 f   ucrt:api-ms-win-crt-runtime-l1-1-0.dll
 0001:0000f06e       _configure_narrow_argv     000000018001006e f   ucrt:api-ms-win-crt-runtime-l1-1-0.dll
 0001:0000f074       _initialize_narrow_environment 0000000180010074 f   ucrt:api-ms-win-crt-runtime-l1-1-0.dll
 0001:0000f07a       _initialize_onexit_table   000000018001007a f   ucrt:api-ms-win-crt-runtime-l1-1-0.dll
 0001:0000f080       _register_onexit_function  0000000180010080 f   ucrt:api-ms-win-crt-runtime-l1-1-0.dll
 0001:0000f086       _execute_onexit_table      0000000180010086 f   ucrt:api-ms-win-crt-runtime-l1-1-0.dll
 0001:0000f08c       _crt_atexit                000000018001008c f   ucrt:api-ms-win-crt-runtime-l1-1-0.dll
 0001:0000f092       _crt_at_quick_exit         0000000180010092 f   ucrt:api-ms-win-crt-runtime-l1-1-0.dll
 0001:0000f098       _cexit                     0000000180010098 f   ucrt:api-ms-win-crt-runtime-l1-1-0.dll
 0001:0000f09e       terminate                  000000018001009e f   ucrt:api-ms-win-crt-runtime-l1-1-0.dll
 0001:0000f0a4       __scrt_stub_for_acrt_initialize 00000001800100a4 f   MSVCRT:ucrt_stubs.obj
 0001:0000f0a4       __acrt_initialize          00000001800100a4 f   MSVCRT:ucrt_stubs.obj
 0001:0000f0a4       __vcrt_initialize          00000001800100a4 f   MSVCRT:ucrt_stubs.obj
 0001:0000f0a8       __scrt_stub_for_acrt_thread_attach 00000001800100a8 f   MSVCRT:ucrt_stubs.obj
 0001:0000f0a8       __acrt_thread_attach       00000001800100a8 f   MSVCRT:ucrt_stubs.obj
 0001:0000f0a8       __vcrt_thread_attach       00000001800100a8 f   MSVCRT:ucrt_stubs.obj
 0001:0000f0ac       __scrt_stub_for_acrt_thread_detach 00000001800100ac f   MSVCRT:ucrt_stubs.obj
 0001:0000f0ac       __vcrt_thread_detach       00000001800100ac f   MSVCRT:ucrt_stubs.obj
 0001:0000f0ac       __acrt_thread_detach       00000001800100ac f   MSVCRT:ucrt_stubs.obj
 0001:0000f0b0       __acrt_uninitialize        00000001800100b0 f   MSVCRT:ucrt_stubs.obj
 0001:0000f0b0       __scrt_stub_for_acrt_uninitialize 00000001800100b0 f   MSVCRT:ucrt_stubs.obj
 0001:0000f0b0       __vcrt_uninitialize        00000001800100b0 f   MSVCRT:ucrt_stubs.obj
 0001:0000f0b4       __scrt_stub_for_acrt_uninitialize_critical 00000001800100b4 f   MSVCRT:ucrt_stubs.obj
 0001:0000f0b4       __acrt_uninitialize_critical 00000001800100b4 f   MSVCRT:ucrt_stubs.obj
 0001:0000f0b4       __vcrt_uninitialize_critical 00000001800100b4 f   MSVCRT:ucrt_stubs.obj
 0001:0000f0b8       _is_c_termination_complete 00000001800100b8 f   MSVCRT:ucrt_stubs.obj
 0001:0000f0b8       __scrt_stub_for_is_c_termination_complete 00000001800100b8 f   MSVCRT:ucrt_stubs.obj
 0001:0000f0d0       _guard_dispatch_icall_nop  00000001800100d0 f   MSVCRT:_guard_dispatch_.obj
 0002:00000000       __imp_RtlCaptureContext    0000000180011000     kernel32:KERNEL32.dll
 0002:00000008       __imp_TerminateProcess     0000000180011008     kernel32:KERNEL32.dll
 0002:00000010       __imp_RtlLookupFunctionEntry 0000000180011010     kernel32:KERNEL32.dll
 0002:00000018       __imp_IsProcessorFeaturePresent 0000000180011018     kernel32:KERNEL32.dll
 0002:00000020       __imp_QueryPerformanceCounter 0000000180011020     kernel32:KERNEL32.dll
 0002:00000028       __imp_GetCurrentProcessId  0000000180011028     kernel32:KERNEL32.dll
 0002:00000030       __imp_GetCurrentThreadId   0000000180011030     kernel32:KERNEL32.dll
 0002:00000038       __imp_GetSystemTimeAsFileTime 0000000180011038     kernel32:KERNEL32.dll
 0002:00000040       __imp_DisableThreadLibraryCalls 0000000180011040     kernel32:KERNEL32.dll
 0002:00000048       __imp_InitializeSListHead  0000000180011048     kernel32:KERNEL32.dll
 0002:00000050       __imp_IsDebuggerPresent    0000000180011050     kernel32:KERNEL32.dll
 0002:00000058       __imp_GetStartupInfoW      0000000180011058     kernel32:KERNEL32.dll
 0002:00000060       __imp_GetModuleHandleW     0000000180011060     kernel32:KERNEL32.dll
 0002:00000068       __imp_SetUnhandledExceptionFilter 0000000180011068     kernel32:KERNEL32.dll
 0002:00000070       __imp_GetCurrentProcess    0000000180011070     kernel32:KERNEL32.dll
 0002:00000078       __imp_RtlVirtualUnwind     0000000180011078     kernel32:KERNEL32.dll
 0002:00000080       __imp_UnhandledExceptionFilter 0000000180011080     kernel32:KERNEL32.dll
 0002:00000088       \177KERNEL32_NULL_THUNK_DATA 0000000180011088     kernel32:KERNEL32.dll
 0002:00000090       __imp_memcpy               0000000180011090     vcruntime:VCRUNTIME140.dll
 0002:00000098       __imp___C_specific_handler 0000000180011098     vcruntime:VCRUNTIME140.dll
 0002:000000a0       __imp___std_type_info_destroy_list 00000001800110a0     vcruntime:VCRUNTIME140.dll
 0002:000000a8       __imp_memset               00000001800110a8     vcruntime:VCRUNTIME140.dll
 0002:000000b0       \177VCRUNTIME140_NULL_THUNK_DATA 00000001800110b0     vcruntime:VCRUNTIME140.dll
 0002:000000b8       __imp_free                 00000001800110b8     ucrt:api-ms-win-crt-heap-l1-1-0.dll
 0002:000000c0       __imp_malloc               00000001800110c0     ucrt:api-ms-win-crt-heap-l1-1-0.dll
 0002:000000c8       \177api-ms-win-crt-heap-l1-1-0_NULL_THUNK_DATA 00000001800110c8     ucrt:api-ms-win-crt-heap-l1-1-0.dll
 0002:000000d0       __imp__seh_filter_dll      00000001800110d0     ucrt:api-ms-win-crt-runtime-l1-1-0.dll
 0002:000000d8       __imp__initterm_e          00000001800110d8     ucrt:api-ms-win-crt-runtime-l1-1-0.dll
 0002:000000e0       __imp__initialize_narrow_environment 00000001800110e0     ucrt:api-ms-win-crt-runtime-l1-1-0.dll
 0002:000000e8       __imp__initialize_onexit_table 00000001800110e8     ucrt:api-ms-win-crt-runtime-l1-1-0.dll
 0002:000000f0       __imp__register_onexit_function 00000001800110f0     ucrt:api-ms-win-crt-runtime-l1-1-0.dll
 0002:000000f8       __imp__execute_onexit_table 00000001800110f8     ucrt:api-ms-win-crt-runtime-l1-1-0.dll
 0002:00000100       __imp__crt_atexit          0000000180011100     ucrt:api-ms-win-crt-runtime-l1-1-0.dll
 0002:00000108       __imp__crt_at_quick_exit   0000000180011108     ucrt:api-ms-win-crt-runtime-l1-1-0.dll
 0002:00000110       __imp__cexit               0000000180011110     ucrt:api-ms-win-crt-runtime-l1-1-0.dll
 0002:00000118       __imp_terminate            0000000180011118     ucrt:api-ms-win-crt-runtime-l1-1-0.dll
 0002:00000120       __imp__initterm            0000000180011120     ucrt:api-ms-win-crt-runtime-l1-1-0.dll
 0002:00000128       __imp__configure_narrow_argv 0000000180011128     ucrt:api-ms-win-crt-runtime-l1-1-0.dll
 0002:00000130       \177api-ms-win-crt-runtime-l1-1-0_NULL_THUNK_DATA 0000000180011130     ucrt:api-ms-win-crt-runtime-l1-1-0.dll
 0002:00000138       __imp___stdio_common_vsprintf 0000000180011138     ucrt:api-ms-win-crt-stdio-l1-1-0.dll
 0002:00000140       \177api-ms-win-crt-stdio-l1-1-0_NULL_THUNK_DATA 0000000180011140     ucrt:api-ms-win-crt-stdio-l1-1-0.dll
 0002:00000148       __imp_strlen               0000000180011148     ucrt:api-ms-win-crt-string-l1-1-0.dll
 0002:00000150       __imp_strcmp               0000000180011150     ucrt:api-ms-win-crt-string-l1-1-0.dll
 0002:00000158       \177api-ms-win-crt-string-l1-1-0_NULL_THUNK_DATA 0000000180011158     ucrt:api-ms-win-crt-string-l1-1-0.dll
 0002:00000160       __imp_mexIsLocked          0000000180011160     libmex:libmex.dll
 0002:00000168       __imp_mexUnlock            0000000180011168     libmex:libmex.dll
 0002:00000170       __imp_mexLock              0000000180011170     libmex:libmex.dll
 0002:00000178       __imp_mexCallMATLABWithObject 0000000180011178     libmex:libmex.dll
 0002:00000180       __imp_mexWarnMsgTxt        0000000180011180     libmex:libmex.dll
 0002:00000188       __imp_mexErrMsgTxt         0000000180011188     libmex:libmex.dll
 0002:00000190       __imp_mexMakeArrayPersistent 0000000180011190     libmex:libmex.dll
 0002:00000198       \177libmex_NULL_THUNK_DATA 0000000180011198     libmex:libmex.dll
 0002:000001a0       __imp_mxGetN               00000001800111a0     libmx:libmx.dll
 0002:000001a8       __imp_mxIsComplex          00000001800111a8     libmx:libmx.dll
 0002:000001b0       __imp_mxIsNumeric          00000001800111b0     libmx:libmx.dll
 0002:000001b8       __imp_mxGetClassID         00000001800111b8     libmx:libmx.dll
 0002:000001c0       __imp_mxGetM               00000001800111c0     libmx:libmx.dll
 0002:000001c8       __imp_mxCalloc             00000001800111c8     libmx:libmx.dll
 0002:000001d0       __imp_mxCreateStructArray_730 00000001800111d0     libmx:libmx.dll
 0002:000001d8       __imp_mxCreateStructMatrix_730 00000001800111d8     libmx:libmx.dll
 0002:000001e0       __imp_mxCreateCellArray_730 00000001800111e0     libmx:libmx.dll
 0002:000001e8       __imp_mxCreateCellMatrix_730 00000001800111e8     libmx:libmx.dll
 0002:000001f0       __imp_mxCreateString       00000001800111f0     libmx:libmx.dll
 0002:000001f8       __imp_mxCreateDoubleScalar 00000001800111f8     libmx:libmx.dll
 0002:00000200       __imp_mxSetField_730       0000000180011200     libmx:libmx.dll
 0002:00000208       __imp_mxDuplicateArray     0000000180011208     libmx:libmx.dll
 0002:00000210       __imp_mxGetString_730      0000000180011210     libmx:libmx.dll
 0002:00000218       __imp_mxCreateDoubleMatrix_730 0000000180011218     libmx:libmx.dll
 0002:00000220       __imp_mxDestroyArray       0000000180011220     libmx:libmx.dll
 0002:00000228       __imp_mxGetScalar          0000000180011228     libmx:libmx.dll
 0002:00000230       __imp_mxGetPr              0000000180011230     libmx:libmx.dll
 0002:00000238       __imp_mxIsChar             0000000180011238     libmx:libmx.dll
 0002:00000240       \177libmx_NULL_THUNK_DATA  0000000180011240     libmx:libmx.dll
 0002:00000248       __imp_utMalloc             0000000180011248     libut:libut.dll
 0002:00000250       __imp_utFree               0000000180011250     libut:libut.dll
 0002:00000258       \177libut_NULL_THUNK_DATA  0000000180011258     libut:libut.dll
 0002:00000260       __imp_sf_debug_create_debug_instance_struct 0000000180011260     sf_runtime:sf_runtime.dll
 0002:00000268       __imp_sf_clear_error_manager_info 0000000180011268     sf_runtime:sf_runtime.dll
 0002:00000270       __imp_sf_mex_error_direct_call 0000000180011270     sf_runtime:sf_runtime.dll
 0002:00000278       __imp_getRuntimeInstanceInfoAsVoid 0000000180011278     sf_runtime:sf_runtime.dll
 0002:00000280       __imp_call_sf_machine_global_method_dispatcher 0000000180011280     sf_runtime:sf_runtime.dll
 0002:00000288       __imp_callMdlMethodAndReportError 0000000180011288     sf_runtime:sf_runtime.dll
 0002:00000290       __imp_sf_get_hasSeparateUpdateOutputs 0000000180011290     sf_runtime:sf_runtime.dll
 0002:00000298       __imp_sf_get_ChartInfoStruct_CodeGen 0000000180011298     sf_runtime:sf_runtime.dll
 0002:000002a0       __imp_sf_debug_cv_init_state 00000001800112a0     sf_runtime:sf_runtime.dll
 0002:000002a8       __imp_sf_debug_cv_init_chart 00000001800112a8     sf_runtime:sf_runtime.dll
 0002:000002b0       __imp_sf_debug_cv_init_trans 00000001800112b0     sf_runtime:sf_runtime.dll
 0002:000002b8       __imp_sf_debug_data_range_wrapper 00000001800112b8     sf_runtime:sf_runtime.dll
 0002:000002c0       __imp_sf_debug_set_chart_substate_count 00000001800112c0     sf_runtime:sf_runtime.dll
 0002:000002c8       __imp_sf_debug_terminate   00000001800112c8     sf_runtime:sf_runtime.dll
 0002:000002d0       __imp_sf_debug_set_chart_state_info 00000001800112d0     sf_runtime:sf_runtime.dll
 0002:000002d8       __imp_sf_debug_set_chart_event_thresholds 00000001800112d8     sf_runtime:sf_runtime.dll
 0002:000002e0       __imp_sf_debug_set_chart_disable_implicit_casting 00000001800112e0     sf_runtime:sf_runtime.dll
 0002:000002e8       __imp_sf_debug_set_instance_data_value_ptr 00000001800112e8     sf_runtime:sf_runtime.dll
 0002:000002f0       __imp_sf_debug_symbol_scope_add_eml_importable 00000001800112f0     sf_runtime:sf_runtime.dll
 0002:000002f8       __imp_sf_debug_symbol_scope_add_eml 00000001800112f8     sf_runtime:sf_runtime.dll
 0002:00000300       __imp_sf_debug_symbol_scope_pop 0000000180011300     sf_runtime:sf_runtime.dll
 0002:00000308       __imp_sf_debug_symbol_scope_push_eml 0000000180011308     sf_runtime:sf_runtime.dll
 0002:00000310       __imp_sf_debug_symbol_scope_push 0000000180011310     sf_runtime:sf_runtime.dll
 0002:00000318       __imp_sf_debug_set_chart_data_compiled_props 0000000180011318     sf_runtime:sf_runtime.dll
 0002:00000320       __imp_sf_debug_set_chart_data_props 0000000180011320     sf_runtime:sf_runtime.dll
 0002:00000328       __imp_sf_debug_check_for_state_inconsistency 0000000180011328     sf_runtime:sf_runtime.dll
 0002:00000330       __imp_sf_debug_reset_current_state_configuration 0000000180011330     sf_runtime:sf_runtime.dll
 0002:00000338       __imp_cv_eml_init_relational 0000000180011338     sf_runtime:sf_runtime.dll
 0002:00000340       __imp_sf_debug_set_chart_decomposition 0000000180011340     sf_runtime:sf_runtime.dll
 0002:00000348       __imp_sf_debug_api         0000000180011348     sf_runtime:sf_runtime.dll
 0002:00000350       __imp_cv_eml_init_while    0000000180011350     sf_runtime:sf_runtime.dll
 0002:00000358       __imp_cv_eml_init_if       0000000180011358     sf_runtime:sf_runtime.dll
 0002:00000360       __imp_cv_eml_init_fcn      0000000180011360     sf_runtime:sf_runtime.dll
 0002:00000368       __imp_cv_eml_init_script   0000000180011368     sf_runtime:sf_runtime.dll
 0002:00000370       __imp_cv_eval_relational   0000000180011370     sf_runtime:sf_runtime.dll
 0002:00000378       __imp_cv_eml_eval          0000000180011378     sf_runtime:sf_runtime.dll
 0002:00000380       __imp_eml_debug_line_call  0000000180011380     sf_runtime:sf_runtime.dll
 0002:00000388       __imp_sf_debug_call        0000000180011388     sf_runtime:sf_runtime.dll
 0002:00000390       __imp_sf_debug_initialize_chart 0000000180011390     sf_runtime:sf_runtime.dll
 0002:00000398       __imp_ssGetOutputPortSignal_wrapper 0000000180011398     sf_runtime:sf_runtime.dll
 0002:000003a0       __imp_ssGetInputPortSignal_wrapper 00000001800113a0     sf_runtime:sf_runtime.dll
 0002:000003a8       __imp_sf_mex_decode_encoded_mx_struct_array 00000001800113a8     sf_runtime:sf_runtime.dll
 0002:000003b0       __imp_sf_mex_import        00000001800113b0     sf_runtime:sf_runtime.dll
 0002:000003b8       __imp_sf_mex_destroy       00000001800113b8     sf_runtime:sf_runtime.dll
 0002:000003c0       __imp_sf_mex_dup           00000001800113c0     sf_runtime:sf_runtime.dll
 0002:000003c8       __imp_sf_mex_assign        00000001800113c8     sf_runtime:sf_runtime.dll
 0002:000003d0       __imp_sf_mex_getcell       00000001800113d0     sf_runtime:sf_runtime.dll
 0002:000003d8       __imp_sf_mex_setcell       00000001800113d8     sf_runtime:sf_runtime.dll
 0002:000003e0       __imp_sf_mex_createcellmatrix 00000001800113e0     sf_runtime:sf_runtime.dll
 0002:000003e8       __imp_sf_mex_create        00000001800113e8     sf_runtime:sf_runtime.dll
 0002:000003f0       __imp_sf_mex_error_message 00000001800113f0     sf_runtime:sf_runtime.dll
 0002:000003f8       __imp_sf_register_codegen_names_for_scoped_functions_defined_by_chart 00000001800113f8     sf_runtime:sf_runtime.dll
 0002:00000400       __imp_sf_set_chart_accesses_machine_info 0000000180011400     sf_runtime:sf_runtime.dll
 0002:00000408       __imp_sf_is_first_init_cond 0000000180011408     sf_runtime:sf_runtime.dll
 0002:00000410       __imp_sf_get_time          0000000180011410     sf_runtime:sf_runtime.dll
 0002:00000418       __imp_sf_set_rtw_dwork_info 0000000180011418     sf_runtime:sf_runtime.dll
 0002:00000420       __imp_sf_clear_rtw_identifier 0000000180011420     sf_runtime:sf_runtime.dll
 0002:00000428       __imp_sf_mex_listen_for_ctrl_c_with_debugger 0000000180011428     sf_runtime:sf_runtime.dll
 0002:00000430       __imp_sim_mode_is_modelref_sim 0000000180011430     sf_runtime:sf_runtime.dll
 0002:00000438       __imp_sim_mode_is_external 0000000180011438     sf_runtime:sf_runtime.dll
 0002:00000440       __imp_sim_mode_is_rtw_gen  0000000180011440     sf_runtime:sf_runtime.dll
 0002:00000448       __imp_sf_mark_chart_expressionable_inputs 0000000180011448     sf_runtime:sf_runtime.dll
 0002:00000450       __imp_sf_mark_chart_reusable_outputs 0000000180011450     sf_runtime:sf_runtime.dll
 0002:00000458       __imp_sf_is_chart_inlinable 0000000180011458     sf_runtime:sf_runtime.dll
 0002:00000460       __imp_sf_update_buildInfo  0000000180011460     sf_runtime:sf_runtime.dll
 0002:00000468       __imp_sf_rtw_info_uint_prop 0000000180011468     sf_runtime:sf_runtime.dll
 0002:00000470       __imp_sf_get_chart_instance_ptr 0000000180011470     sf_runtime:sf_runtime.dll
 0002:00000478       __imp_sfrtGetEmlrtCtx      0000000180011478     sf_runtime:sf_runtime.dll
 0002:00000480       __imp_sf_free_ChartRunTimeInfo 0000000180011480     sf_runtime:sf_runtime.dll
 0002:00000488       __imp_sf_init_ChartRunTimeInfo 0000000180011488     sf_runtime:sf_runtime.dll
 0002:00000490       __imp_sf_debug_set_machine_data_thresholds 0000000180011490     sf_runtime:sf_runtime.dll
 0002:00000498       __imp_sf_debug_set_machine_event_thresholds 0000000180011498     sf_runtime:sf_runtime.dll
 0002:000004a0       __imp_sf_debug_initialize_machine 00000001800114a0     sf_runtime:sf_runtime.dll
 0002:000004a8       __imp_sf_load_rtw_optimization_info 00000001800114a8     sf_runtime:sf_runtime.dll
 0002:000004b0       \177sf_runtime_NULL_THUNK_DATA 00000001800114b0     sf_runtime:sf_runtime.dll
 0002:000004b8       __guard_check_icall_fptr   00000001800114b8     MSVCRT:guard_support.obj
 0002:000004c0       __guard_dispatch_icall_fptr 00000001800114c0     MSVCRT:guard_support.obj
 0002:000004c8       __xc_a                     00000001800114c8     MSVCRT:initializers.obj
 0002:000004d0       __xc_z                     00000001800114d0     MSVCRT:initializers.obj
 0002:000004d8       __xi_a                     00000001800114d8     MSVCRT:initializers.obj
 0002:000004e0       __xi_z                     00000001800114e0     MSVCRT:initializers.obj
 0002:000004e8       __xp_a                     00000001800114e8     MSVCRT:initializers.obj
 0002:000004f0       __xp_z                     00000001800114f0     MSVCRT:initializers.obj
 0002:000004f8       __xt_a                     00000001800114f8     MSVCRT:initializers.obj
 0002:00000500       __xt_z                     0000000180011500     MSVCRT:initializers.obj
 0002:00000510       __real@419724689c000000    0000000180011510     Copy_of_npsauv_complete_sfun.obj
 0002:00000518       __real@41c0475497000000    0000000180011518     Copy_of_npsauv_complete_sfun.obj
 0002:00000520       __real@41c2896c94000000    0000000180011520     Copy_of_npsauv_complete_sfun.obj
 0002:00000528       __real@41c8002d41000000    0000000180011528     Copy_of_npsauv_complete_sfun.obj
 0002:00000530       __real@41cb14a5cc000000    0000000180011530     Copy_of_npsauv_complete_sfun.obj
 0002:00000538       __real@41ce8e039e000000    0000000180011538     Copy_of_npsauv_complete_sfun.obj
 0002:00000540       __real@41dee42213000000    0000000180011540     Copy_of_npsauv_complete_sfun.obj
 0002:00000548       __real@41e8946fb1e00000    0000000180011548     Copy_of_npsauv_complete_sfun.obj
 0002:00000550       __real@41eb713964200000    0000000180011550     Copy_of_npsauv_complete_sfun.obj
 0002:00000558       __real@41ebe333ef800000    0000000180011558     Copy_of_npsauv_complete_sfun.obj
 0002:00000560       __real@41ec97ee98600000    0000000180011560     Copy_of_npsauv_complete_sfun.obj
 0002:00000568       __real@41edea75e3000000    0000000180011568     Copy_of_npsauv_complete_sfun.obj
 0002:00000570       __real@3f91df46a2529d39    0000000180011570     c1_Copy_of_npsauv_complete.obj
 0002:00000578       __real@3ff0000000000000    0000000180011578     c1_Copy_of_npsauv_complete.obj
 0002:00000580       __real@4000000000000000    0000000180011580     c1_Copy_of_npsauv_complete.obj
 0002:00000588       __real@400921fb54442d18    0000000180011588     c1_Copy_of_npsauv_complete.obj
 0002:00000590       __real@401921fb54442d18    0000000180011590     c1_Copy_of_npsauv_complete.obj
 0002:00000598       __real@4024000000000000    0000000180011598     c1_Copy_of_npsauv_complete.obj
 0002:000005a0       __real@41a465d960000000    00000001800115a0     c1_Copy_of_npsauv_complete.obj
 0002:000005a8       __real@41be325c54000000    00000001800115a8     c1_Copy_of_npsauv_complete.obj
 0002:000005b0       __real@41c07cf77b800000    00000001800115b0     c1_Copy_of_npsauv_complete.obj
 0002:000005b8       __real@41ca6ed678000000    00000001800115b8     c1_Copy_of_npsauv_complete.obj
 0002:000005c0       __real@c00921fb54442d18    00000001800115c0     c1_Copy_of_npsauv_complete.obj
 0002:000005c8       __real@c01921fb54442d18    00000001800115c8     c1_Copy_of_npsauv_complete.obj
 0002:000005d0       DYNAMIC_DIMENSION_DEF      00000001800115d0     Copy_of_npsauv_complete_sfun_registry.obj
 0002:000005e8       __real@0000000000000000    00000001800115e8     Copy_of_npsauv_complete_sfun_registry.obj
 0002:000005f0       __real@4010000000000000    00000001800115f0     Copy_of_npsauv_complete_sfun_registry.obj
 0002:000005f8       __real@41602cbca0000000    00000001800115f8     Copy_of_npsauv_complete_sfun_registry.obj
 0002:00000600       __real@bff0000000000000    0000000180011600     Copy_of_npsauv_complete_sfun_registry.obj
 0002:00000618       _pRawDllMain               0000000180011618     MSVCRT:dll_dllmain.obj
 0002:00000618       _pDefaultRawDllMain        0000000180011618     MSVCRT:dll_dllmain.obj
 0002:00000640       _load_config_used          0000000180011640     MSVCRT:loadcfg.obj
 0002:00000900       __rtc_iaa                  0000000180011900     MSVCRT:_initsect_.obj
 0002:00000908       __rtc_izz                  0000000180011908     MSVCRT:_initsect_.obj
 0002:00000910       __rtc_taa                  0000000180011910     MSVCRT:_initsect_.obj
 0002:00000918       __rtc_tzz                  0000000180011918     MSVCRT:_initsect_.obj
 0002:000011e4       __IMPORT_DESCRIPTOR_sf_runtime 00000001800121e4     sf_runtime:sf_runtime.dll
 0002:000011f8       __IMPORT_DESCRIPTOR_libmx  00000001800121f8     libmx:libmx.dll
 0002:0000120c       __IMPORT_DESCRIPTOR_libmex 000000018001220c     libmex:libmex.dll
 0002:00001220       __IMPORT_DESCRIPTOR_libut  0000000180012220     libut:libut.dll
 0002:00001234       __IMPORT_DESCRIPTOR_KERNEL32 0000000180012234     kernel32:KERNEL32.dll
 0002:00001248       __IMPORT_DESCRIPTOR_VCRUNTIME140 0000000180012248     vcruntime:VCRUNTIME140.dll
 0002:0000125c       __IMPORT_DESCRIPTOR_api-ms-win-crt-string-l1-1-0 000000018001225c     ucrt:api-ms-win-crt-string-l1-1-0.dll
 0002:00001270       __IMPORT_DESCRIPTOR_api-ms-win-crt-heap-l1-1-0 0000000180012270     ucrt:api-ms-win-crt-heap-l1-1-0.dll
 0002:00001284       __IMPORT_DESCRIPTOR_api-ms-win-crt-stdio-l1-1-0 0000000180012284     ucrt:api-ms-win-crt-stdio-l1-1-0.dll
 0002:00001298       __IMPORT_DESCRIPTOR_api-ms-win-crt-runtime-l1-1-0 0000000180012298     ucrt:api-ms-win-crt-runtime-l1-1-0.dll
 0002:000012ac       __NULL_IMPORT_DESCRIPTOR   00000001800122ac     sf_runtime:sf_runtime.dll
 0003:000009b8       DYNAMIC_DIMENSION          00000001800149b8     Copy_of_npsauv_complete_sfun_registry.obj
 0003:00002a70       __security_cookie          0000000180016a70     MSVCRT:gs_cookie.obj
 0003:00002a78       __security_cookie_complement 0000000180016a78     MSVCRT:gs_cookie.obj
 0003:00002a80       _fltused                   0000000180016a80     MSVCRT:dllsupp.obj
 0003:00002a84       __scrt_native_dllmain_reason 0000000180016a84     MSVCRT:utility.obj
 0003:00002a88       __isa_available            0000000180016a88     MSVCRT:_cpu_disp_.obj
 0003:00002a8c       __isa_enabled              0000000180016a8c     MSVCRT:_cpu_disp_.obj
 0003:00002a90       __memcpy_nt_iters          0000000180016a90     MSVCRT:_cpu_disp_.obj
 0003:00002aa0       __scrt_ucrt_dll_is_in_use  0000000180016aa0     MSVCRT:ucrt_stubs.obj
 0003:00002ad8       sfGlobalDebugInstanceStruct 0000000180016ad8     Copy_of_npsauv_complete_sfun_registry.obj
 0003:00004058       __scrt_current_native_startup_state 0000000180018058     MSVCRT:utility.obj
 0003:00004060       __scrt_native_startup_lock 0000000180018060     MSVCRT:utility.obj
 0003:000040a0       ?__type_info_root_node@@3U__type_info_node@@A 00000001800180a0     MSVCRT:tncleanup.obj
 0003:000040b0       ?_OptionsStorage@?1??__local_stdio_printf_options@@9@4_KA 00000001800180b0     MSVCRT:default_local_stdio_options.obj
 0003:000040b8       ?_OptionsStorage@?1??__local_stdio_scanf_options@@9@4_KA 00000001800180b8     MSVCRT:default_local_stdio_options.obj
 0003:000040c0       __scrt_debugger_hook_flag  00000001800180c0     MSVCRT:utility_desktop.obj
 0003:000040c4       __favor                    00000001800180c4     MSVCRT:_cpu_disp_.obj
 0003:000040c8       ?_OptionsStorage@?1??__local_stdio_printf_options@@9@9 00000001800180c8     <common>
 0003:000040d0       _Copy_of_npsauv_completeMachineNumber_ 00000001800180d0     <common>
 0003:000040d8       __dyn_tls_init_callback    00000001800180d8     <common>

 entry point at        0001:0000e4a8

 Static symbols

 0000:00000000       .debug$S                   0000000180000000     sf_runtime:sf_runtime.dll
 0000:00000000       .debug$S                   0000000180000000     Copy_of_npsauv_complete_sfun.exp
 0000:00000000       .debug$S                   0000000180000000     sf_runtime:sf_runtime.dll
 0000:00000000       .debug$S                   0000000180000000     sf_runtime:sf_runtime.dll
 0000:00000000       .debug$S                   0000000180000000     sf_runtime:sf_runtime.dll
 0000:00000000       .debug$S                   0000000180000000     sf_runtime:sf_runtime.dll
 0000:00000000       .debug$S                   0000000180000000     sf_runtime:sf_runtime.dll
 0000:00000000       .debug$S                   0000000180000000     ucrt:api-ms-win-crt-heap-l1-1-0.dll
 0000:00000000       .debug$S                   0000000180000000     ucrt:api-ms-win-crt-heap-l1-1-0.dll
 0000:00000000       .debug$S                   0000000180000000     ucrt:api-ms-win-crt-runtime-l1-1-0.dll
 0000:00000000       .debug$S                   0000000180000000     ucrt:api-ms-win-crt-runtime-l1-1-0.dll
 0000:00000000       .debug$S                   0000000180000000     ucrt:api-ms-win-crt-runtime-l1-1-0.dll
 0000:00000000       .debug$S                   0000000180000000     ucrt:api-ms-win-crt-runtime-l1-1-0.dll
 0000:00000000       .debug$S                   0000000180000000     ucrt:api-ms-win-crt-runtime-l1-1-0.dll
 0000:00000000       .debug$S                   0000000180000000     ucrt:api-ms-win-crt-runtime-l1-1-0.dll
 0000:00000000       .debug$S                   0000000180000000     ucrt:api-ms-win-crt-runtime-l1-1-0.dll
 0000:00000000       .debug$S                   0000000180000000     ucrt:api-ms-win-crt-runtime-l1-1-0.dll
 0000:00000000       .debug$S                   0000000180000000     ucrt:api-ms-win-crt-runtime-l1-1-0.dll
 0000:00000000       .debug$S                   0000000180000000     ucrt:api-ms-win-crt-runtime-l1-1-0.dll
 0000:00000000       .debug$S                   0000000180000000     ucrt:api-ms-win-crt-runtime-l1-1-0.dll
 0000:00000000       .debug$S                   0000000180000000     ucrt:api-ms-win-crt-runtime-l1-1-0.dll
 0000:00000000       .debug$S                   0000000180000000     ucrt:api-ms-win-crt-stdio-l1-1-0.dll
 0000:00000000       .debug$S                   0000000180000000     sf_runtime:sf_runtime.dll
 0000:00000000       .debug$S                   0000000180000000     ucrt:api-ms-win-crt-string-l1-1-0.dll
 0000:00000000       .debug$S                   0000000180000000     ucrt:api-ms-win-crt-string-l1-1-0.dll
 0000:00000000       .debug$S                   0000000180000000     sf_runtime:sf_runtime.dll
 0000:00000000       .debug$S                   0000000180000000     vcruntime:VCRUNTIME140.dll
 0000:00000000       .debug$S                   0000000180000000     vcruntime:VCRUNTIME140.dll
 0000:00000000       .debug$S                   0000000180000000     vcruntime:VCRUNTIME140.dll
 0000:00000000       .debug$S                   0000000180000000     vcruntime:VCRUNTIME140.dll
 0000:00000000       .debug$S                   0000000180000000     sf_runtime:sf_runtime.dll
 0000:00000000       .debug$S                   0000000180000000     kernel32:KERNEL32.dll
 0000:00000000       .debug$S                   0000000180000000     kernel32:KERNEL32.dll
 0000:00000000       .debug$S                   0000000180000000     kernel32:KERNEL32.dll
 0000:00000000       .debug$S                   0000000180000000     kernel32:KERNEL32.dll
 0000:00000000       .debug$S                   0000000180000000     kernel32:KERNEL32.dll
 0000:00000000       .debug$S                   0000000180000000     kernel32:KERNEL32.dll
 0000:00000000       .debug$S                   0000000180000000     kernel32:KERNEL32.dll
 0000:00000000       .debug$S                   0000000180000000     kernel32:KERNEL32.dll
 0000:00000000       .debug$S                   0000000180000000     kernel32:KERNEL32.dll
 0000:00000000       .debug$S                   0000000180000000     kernel32:KERNEL32.dll
 0000:00000000       .debug$S                   0000000180000000     kernel32:KERNEL32.dll
 0000:00000000       .debug$S                   0000000180000000     kernel32:KERNEL32.dll
 0000:00000000       .debug$S                   0000000180000000     kernel32:KERNEL32.dll
 0000:00000000       .debug$S                   0000000180000000     kernel32:KERNEL32.dll
 0000:00000000       .debug$S                   0000000180000000     kernel32:KERNEL32.dll
 0000:00000000       .debug$S                   0000000180000000     kernel32:KERNEL32.dll
 0000:00000000       .debug$S                   0000000180000000     kernel32:KERNEL32.dll
 0000:00000000       .debug$S                   0000000180000000     sf_runtime:sf_runtime.dll
 0000:00000000       .debug$S                   0000000180000000     sf_runtime:sf_runtime.dll
 0000:00000000       .debug$S                   0000000180000000     sf_runtime:sf_runtime.dll
 0000:00000000       .debug$S                   0000000180000000     sf_runtime:sf_runtime.dll
 0000:00000000       .debug$S                   0000000180000000     sf_runtime:sf_runtime.dll
 0000:00000000       .debug$S                   0000000180000000     sf_runtime:sf_runtime.dll
 0000:00000000       .debug$S                   0000000180000000     sf_runtime:sf_runtime.dll
 0000:00000000       .debug$S                   0000000180000000     sf_runtime:sf_runtime.dll
 0000:00000000       .debug$S                   0000000180000000     sf_runtime:sf_runtime.dll
 0000:00000000       .debug$S                   0000000180000000     sf_runtime:sf_runtime.dll
 0000:00000000       .debug$S                   0000000180000000     sf_runtime:sf_runtime.dll
 0000:00000000       .debug$S                   0000000180000000     sf_runtime:sf_runtime.dll
 0000:00000000       .debug$S                   0000000180000000     sf_runtime:sf_runtime.dll
 0000:00000000       .debug$S                   0000000180000000     sf_runtime:sf_runtime.dll
 0000:00000000       .debug$S                   0000000180000000     sf_runtime:sf_runtime.dll
 0000:00000000       .debug$S                   0000000180000000     sf_runtime:sf_runtime.dll
 0000:00000000       .debug$S                   0000000180000000     sf_runtime:sf_runtime.dll
 0000:00000000       .debug$S                   0000000180000000     sf_runtime:sf_runtime.dll
 0000:00000000       .debug$S                   0000000180000000     sf_runtime:sf_runtime.dll
 0000:00000000       .debug$S                   0000000180000000     sf_runtime:sf_runtime.dll
 0000:00000000       .debug$S                   0000000180000000     sf_runtime:sf_runtime.dll
 0000:00000000       .debug$S                   0000000180000000     sf_runtime:sf_runtime.dll
 0000:00000000       .debug$S                   0000000180000000     sf_runtime:sf_runtime.dll
 0000:00000000       .debug$S                   0000000180000000     sf_runtime:sf_runtime.dll
 0000:00000000       .debug$S                   0000000180000000     sf_runtime:sf_runtime.dll
 0000:00000000       .debug$S                   0000000180000000     sf_runtime:sf_runtime.dll
 0000:00000000       .debug$S                   0000000180000000     sf_runtime:sf_runtime.dll
 0000:00000000       .debug$S                   0000000180000000     sf_runtime:sf_runtime.dll
 0000:00000000       .debug$S                   0000000180000000     libmx:libmx.dll
 0000:00000000       .debug$S                   0000000180000000     sf_runtime:sf_runtime.dll
 0000:00000000       .debug$S                   0000000180000000     sf_runtime:sf_runtime.dll
 0000:00000000       .debug$S                   0000000180000000     sf_runtime:sf_runtime.dll
 0000:00000000       .debug$S                   0000000180000000     sf_runtime:sf_runtime.dll
 0000:00000000       .debug$S                   0000000180000000     sf_runtime:sf_runtime.dll
 0000:00000000       .debug$S                   0000000180000000     sf_runtime:sf_runtime.dll
 0000:00000000       .debug$S                   0000000180000000     sf_runtime:sf_runtime.dll
 0000:00000000       .debug$S                   0000000180000000     sf_runtime:sf_runtime.dll
 0000:00000000       .debug$S                   0000000180000000     sf_runtime:sf_runtime.dll
 0000:00000000       .debug$S                   0000000180000000     sf_runtime:sf_runtime.dll
 0000:00000000       .debug$S                   0000000180000000     sf_runtime:sf_runtime.dll
 0000:00000000       .debug$S                   0000000180000000     sf_runtime:sf_runtime.dll
 0000:00000000       .debug$S                   0000000180000000     sf_runtime:sf_runtime.dll
 0000:00000000       .debug$S                   0000000180000000     sf_runtime:sf_runtime.dll
 0000:00000000       .debug$S                   0000000180000000     sf_runtime:sf_runtime.dll
 0000:00000000       .debug$S                   0000000180000000     sf_runtime:sf_runtime.dll
 0000:00000000       .debug$S                   0000000180000000     sf_runtime:sf_runtime.dll
 0000:00000000       .debug$S                   0000000180000000     sf_runtime:sf_runtime.dll
 0000:00000000       .debug$S                   0000000180000000     sf_runtime:sf_runtime.dll
 0000:00000000       .debug$S                   0000000180000000     sf_runtime:sf_runtime.dll
 0000:00000000       .debug$S                   0000000180000000     sf_runtime:sf_runtime.dll
 0000:00000000       .debug$S                   0000000180000000     sf_runtime:sf_runtime.dll
 0000:00000000       .debug$S                   0000000180000000     sf_runtime:sf_runtime.dll
 0000:00000000       .debug$S                   0000000180000000     sf_runtime:sf_runtime.dll
 0000:00000000       .debug$S                   0000000180000000     sf_runtime:sf_runtime.dll
 0000:00000000       .debug$S                   0000000180000000     sf_runtime:sf_runtime.dll
 0000:00000000       .debug$S                   0000000180000000     sf_runtime:sf_runtime.dll
 0000:00000000       .debug$S                   0000000180000000     sf_runtime:sf_runtime.dll
 0000:00000000       .debug$S                   0000000180000000     sf_runtime:sf_runtime.dll
 0000:00000000       .debug$S                   0000000180000000     sf_runtime:sf_runtime.dll
 0000:00000000       .debug$S                   0000000180000000     sf_runtime:sf_runtime.dll
 0000:00000000       .debug$S                   0000000180000000     sf_runtime:sf_runtime.dll
 0000:00000000       .debug$S                   0000000180000000     sf_runtime:sf_runtime.dll
 0000:00000000       .debug$S                   0000000180000000     sf_runtime:sf_runtime.dll
 0000:00000000       .debug$S                   0000000180000000     sf_runtime:sf_runtime.dll
 0000:00000000       .debug$S                   0000000180000000     libut:libut.dll
 0000:00000000       .debug$S                   0000000180000000     libut:libut.dll
 0000:00000000       .debug$S                   0000000180000000     sf_runtime:sf_runtime.dll
 0000:00000000       .debug$S                   0000000180000000     libmex:libmex.dll
 0000:00000000       .debug$S                   0000000180000000     libmex:libmex.dll
 0000:00000000       .debug$S                   0000000180000000     libmex:libmex.dll
 0000:00000000       .debug$S                   0000000180000000     libmex:libmex.dll
 0000:00000000       .debug$S                   0000000180000000     libmex:libmex.dll
 0000:00000000       .debug$S                   0000000180000000     libmex:libmex.dll
 0000:00000000       .debug$S                   0000000180000000     libmex:libmex.dll
 0000:00000000       .debug$S                   0000000180000000     sf_runtime:sf_runtime.dll
 0000:00000000       .debug$S                   0000000180000000     libmx:libmx.dll
 0000:00000000       .debug$S                   0000000180000000     libmx:libmx.dll
 0000:00000000       .debug$S                   0000000180000000     libmx:libmx.dll
 0000:00000000       .debug$S                   0000000180000000     libmx:libmx.dll
 0000:00000000       .debug$S                   0000000180000000     libmx:libmx.dll
 0000:00000000       .debug$S                   0000000180000000     libmx:libmx.dll
 0000:00000000       .debug$S                   0000000180000000     libmx:libmx.dll
 0000:00000000       .debug$S                   0000000180000000     libmx:libmx.dll
 0000:00000000       .debug$S                   0000000180000000     libmx:libmx.dll
 0000:00000000       .debug$S                   0000000180000000     libmx:libmx.dll
 0000:00000000       .debug$S                   0000000180000000     libmx:libmx.dll
 0000:00000000       .debug$S                   0000000180000000     libmx:libmx.dll
 0000:00000000       .debug$S                   0000000180000000     libmx:libmx.dll
 0000:00000000       .debug$S                   0000000180000000     libmx:libmx.dll
 0000:00000000       .debug$S                   0000000180000000     libmx:libmx.dll
 0000:00000000       .debug$S                   0000000180000000     libmx:libmx.dll
 0000:00000000       .debug$S                   0000000180000000     libmx:libmx.dll
 0000:00000000       .debug$S                   0000000180000000     libmx:libmx.dll
 0000:00000000       .debug$S                   0000000180000000     libmx:libmx.dll
 0001:00001160       chart_debug_initialization 0000000180002160 f   c1_Copy_of_npsauv_complete.obj
 0001:00001b00       chart_debug_initialize_data_addresses 0000000180002b00 f   c1_Copy_of_npsauv_complete.obj
 0001:00001c40       initialize_c1_Copy_of_npsauv_complete 0000000180002c40 f   c1_Copy_of_npsauv_complete.obj
 0001:00001cb0       initialize_params_c1_Copy_of_npsauv_complete 0000000180002cb0 f   c1_Copy_of_npsauv_complete.obj
 0001:00001cc0       enable_c1_Copy_of_npsauv_complete 0000000180002cc0 f   c1_Copy_of_npsauv_complete.obj
 0001:00001cf0       disable_c1_Copy_of_npsauv_complete 0000000180002cf0 f   c1_Copy_of_npsauv_complete.obj
 0001:00001d20       c1_update_debugger_state_c1_Copy_of_npsauv_complete 0000000180002d20 f   c1_Copy_of_npsauv_complete.obj
 0001:00001d30       get_sim_state_c1_Copy_of_npsauv_complete 0000000180002d30 f   c1_Copy_of_npsauv_complete.obj
 0001:00001ea0       set_sim_state_c1_Copy_of_npsauv_complete 0000000180002ea0 f   c1_Copy_of_npsauv_complete.obj
 0001:00001f70       finalize_c1_Copy_of_npsauv_complete 0000000180002f70 f   c1_Copy_of_npsauv_complete.obj
 0001:00001f80       sf_gateway_c1_Copy_of_npsauv_complete 0000000180002f80 f   c1_Copy_of_npsauv_complete.obj
 0001:00002e90       mdl_start_c1_Copy_of_npsauv_complete 0000000180003e90 f   c1_Copy_of_npsauv_complete.obj
 0001:00002ea0       initSimStructsc1_Copy_of_npsauv_complete 0000000180003ea0 f   c1_Copy_of_npsauv_complete.obj
 0001:00002eb0       init_script_number_translation 0000000180003eb0 f   c1_Copy_of_npsauv_complete.obj
 0001:00002ed0       c1_sf_marshallOut          0000000180003ed0 f   c1_Copy_of_npsauv_complete.obj
 0001:00002f80       c1_emlrt_marshallIn        0000000180003f80 f   c1_Copy_of_npsauv_complete.obj
 0001:00002ff0       c1_b_emlrt_marshallIn      0000000180003ff0 f   c1_Copy_of_npsauv_complete.obj
 0001:00003080       c1_sf_marshallIn           0000000180004080 f   c1_Copy_of_npsauv_complete.obj
 0001:00003130       c1_d_emlrt_marshallIn      0000000180004130 f   c1_Copy_of_npsauv_complete.obj
 0001:000031a0       c1_e_emlrt_marshallIn      00000001800041a0 f   c1_Copy_of_npsauv_complete.obj
 0001:00003230       init_dsm_address_info      0000000180004230 f   c1_Copy_of_npsauv_complete.obj
 0001:00003240       init_simulink_io_address   0000000180004240 f   c1_Copy_of_npsauv_complete.obj
 0001:00003b20       sf_get_sim_state_info_c1_Copy_of_npsauv_complete 0000000180004b20 f   c1_Copy_of_npsauv_complete.obj
 0001:00003bf0       sf_get_instance_specialization 0000000180004bf0 f   c1_Copy_of_npsauv_complete.obj
 0001:00003c00       sf_opaque_initialize_c1_Copy_of_npsauv_complete 0000000180004c00 f   c1_Copy_of_npsauv_complete.obj
 0001:00003c40       sf_opaque_enable_c1_Copy_of_npsauv_complete 0000000180004c40 f   c1_Copy_of_npsauv_complete.obj
 0001:00003c60       sf_opaque_disable_c1_Copy_of_npsauv_complete 0000000180004c60 f   c1_Copy_of_npsauv_complete.obj
 0001:00003c80       sf_opaque_gateway_c1_Copy_of_npsauv_complete 0000000180004c80 f   c1_Copy_of_npsauv_complete.obj
 0001:00003ca0       sf_opaque_get_sim_state_c1_Copy_of_npsauv_complete 0000000180004ca0 f   c1_Copy_of_npsauv_complete.obj
 0001:00003cd0       sf_opaque_set_sim_state_c1_Copy_of_npsauv_complete 0000000180004cd0 f   c1_Copy_of_npsauv_complete.obj
 0001:00003d00       sf_opaque_terminate_c1_Copy_of_npsauv_complete 0000000180004d00 f   c1_Copy_of_npsauv_complete.obj
 0001:00003da0       mdlProcessParameters_c1_Copy_of_npsauv_complete 0000000180004da0 f   c1_Copy_of_npsauv_complete.obj
 0001:00003e60       mdlSetWorkWidths_c1_Copy_of_npsauv_complete 0000000180004e60 f   c1_Copy_of_npsauv_complete.obj
 0001:00004500       mdlRTW_c1_Copy_of_npsauv_complete 0000000180005500 f   c1_Copy_of_npsauv_complete.obj
 0001:00004540       mdlStart_c1_Copy_of_npsauv_complete 0000000180005540 f   c1_Copy_of_npsauv_complete.obj
 0001:00006c7c       $LN180                     0000000180007c7c     Copy_of_npsauv_complete_sfun_registry.obj
 0001:00008e44       $LN17                      0000000180009e44     Copy_of_npsauv_complete_sfun_registry.obj
 0001:000093cc       $LN26                      000000018000a3cc     Copy_of_npsauv_complete_sfun_registry.obj
 0001:00009ab4       $LN23                      000000018000aab4     Copy_of_npsauv_complete_sfun_registry.obj
 0001:0000a084       $LN26                      000000018000b084     Copy_of_npsauv_complete_sfun_registry.obj
 0001:0000bd00       sf_debug_api_wrapper       000000018000cd00 f   Copy_of_npsauv_complete_sfun_registry.obj
 0001:0000bd50       ProcessMexSfunctionCmdLineCall 000000018000cd50 f   Copy_of_npsauv_complete_sfun_registry.obj
 0001:0000c0c0       mdlSetWorkWidths           000000018000d0c0 f   Copy_of_npsauv_complete_sfun_registry.obj
 0001:0000c110       mdlProcessParameters       000000018000d110 f   Copy_of_npsauv_complete_sfun_registry.obj
 0001:0000c140       mdl_start_processing       000000018000d140 f   Copy_of_npsauv_complete_sfun_registry.obj
 0001:0000c1a0       mdl_terminate_processing   000000018000d1a0 f   Copy_of_npsauv_complete_sfun_registry.obj
 0001:0000c260       mdlStart                   000000018000d260 f   Copy_of_npsauv_complete_sfun_registry.obj
 0001:0000c290       mdlTerminate               000000018000d290 f   Copy_of_npsauv_complete_sfun_registry.obj
 0001:0000c2c0       mdlInitializeSizes         000000018000d2c0 f   Copy_of_npsauv_complete_sfun_registry.obj
 0001:0000c2f0       mdlInitializeSampleTimes   000000018000d2f0 f   Copy_of_npsauv_complete_sfun_registry.obj
 0001:0000c320       mdl_outputs_continuous_legacy 000000018000d320 f   Copy_of_npsauv_complete_sfun_registry.obj
 0001:0000c420       mdl_outputs_processing     000000018000d420 f   Copy_of_npsauv_complete_sfun_registry.obj
 0001:0000c540       mdl_zeroCrossings_processing 000000018000d540 f   Copy_of_npsauv_complete_sfun_registry.obj
 0001:0000c580       mdlZeroCrossings           000000018000d580 f   Copy_of_npsauv_complete_sfun_registry.obj
 0001:0000c5b0       mdl_derivatives_processing 000000018000d5b0 f   Copy_of_npsauv_complete_sfun_registry.obj
 0001:0000c600       mdlDerivatives             000000018000d600 f   Copy_of_npsauv_complete_sfun_registry.obj
 0001:0000c630       mdl_initialize_conditions_processing 000000018000d630 f   Copy_of_npsauv_complete_sfun_registry.obj
 0001:0000c680       mdlInitializeConditions    000000018000d680 f   Copy_of_npsauv_complete_sfun_registry.obj
 0001:0000c6b0       mdl_ext_mode_exec_processing 000000018000d6b0 f   Copy_of_npsauv_complete_sfun_registry.obj
 0001:0000c6f0       mdlExtModeExec             000000018000d6f0 f   Copy_of_npsauv_complete_sfun_registry.obj
 0001:0000c720       mdlRTW                     000000018000d720 f   Copy_of_npsauv_complete_sfun_registry.obj
 0001:0000c760       mdl_enable_processing      000000018000d760 f   Copy_of_npsauv_complete_sfun_registry.obj
 0001:0000c7a0       mdlEnable                  000000018000d7a0 f   Copy_of_npsauv_complete_sfun_registry.obj
 0001:0000c7d0       mdl_disable_processing     000000018000d7d0 f   Copy_of_npsauv_complete_sfun_registry.obj
 0001:0000c810       mdlDisable                 000000018000d810 f   Copy_of_npsauv_complete_sfun_registry.obj
 0001:0000c840       mdlOutputs                 000000018000d840 f   Copy_of_npsauv_complete_sfun_registry.obj
 0001:0000c870       mdl_update_processing      000000018000d870 f   Copy_of_npsauv_complete_sfun_registry.obj
 0001:0000c8c0       mdlUpdate                  000000018000d8c0 f   Copy_of_npsauv_complete_sfun_registry.obj
 0001:0000caa0       mdlGetTimeOfNextVarHit     000000018000daa0 f   Copy_of_npsauv_complete_sfun_registry.obj
[...]
 0004:000001f8       $pdata$mdlSetWorkWidths_c1_Copy_of_npsauv_complete 00000001800191f8     c1_Copy_of_npsauv_complete.obj
 0004:00000204       $pdata$mdlRTW_c1_Copy_of_npsauv_complete 0000000180019204     c1_Copy_of_npsauv_complete.obj
 0004:00000210       $pdata$mdlStart_c1_Copy_of_npsauv_complete 0000000180019210     c1_Copy_of_npsauv_complete.obj
 0004:0000021c       $pdata$mexFunction         000000018001921c     Copy_of_npsauv_complete_sfun_registry.obj
 0004:00000228       $pdata$_ssSetInputPortDirectFeedThroughFcn 0000000180019228     Copy_of_npsauv_complete_sfun_registry.obj
 0004:00000234       $pdata$_ssGetInputPortSignalPtrsFcn 0000000180019234     Copy_of_npsauv_complete_sfun_registry.obj
 0004:00000240       $pdata$_ssGetInputPortSignalFcn 0000000180019240     Copy_of_npsauv_complete_sfun_registry.obj
 0004:0000024c       $pdata$_ssSetInputPortReusableFcn 000000018001924c     Copy_of_npsauv_complete_sfun_registry.obj
 0004:00000258       $pdata$_ssSetOutputPortReusableFcn 0000000180019258     Copy_of_npsauv_complete_sfun_registry.obj
 0004:00000264       $pdata$_ssSetSymbolicDimsSupport 0000000180019264     Copy_of_npsauv_complete_sfun_registry.obj
 0004:00000270       $pdata$_ssRegisterSymbolicDimsExpr 0000000180019270     Copy_of_npsauv_complete_sfun_registry.obj
 0004:0000027c       $pdata$_ssRegisterSymbolicDims 000000018001927c     Copy_of_npsauv_complete_sfun_registry.obj
 0004:00000288       $pdata$_ssRegisterSymbolicDimsString 0000000180019288     Copy_of_npsauv_complete_sfun_registry.obj
 0004:00000294       $pdata$_ssRegisterSymbolicDimsIntValue 0000000180019294     Copy_of_npsauv_complete_sfun_registry.obj
 0004:000002a0       $pdata$_ssRegisterSymbolicDimsPlus 00000001800192a0     Copy_of_npsauv_complete_sfun_registry.obj
 0004:000002ac       $pdata$_ssRegisterSymbolicDimsMinus 00000001800192ac     Copy_of_npsauv_complete_sfun_registry.obj
 0004:000002b8       $pdata$_ssRegisterSymbolicDimsMultiply 00000001800192b8     Copy_of_npsauv_complete_sfun_registry.obj
 0004:000002c4       $pdata$_ssRegisterSymbolicDimsDivide 00000001800192c4     Copy_of_npsauv_complete_sfun_registry.obj
 0004:000002d0       $pdata$_ssGetNumSymbolicDims 00000001800192d0     Copy_of_npsauv_complete_sfun_registry.obj
 0004:000002dc       $pdata$_ssGetSymbolicDim   00000001800192dc     Copy_of_npsauv_complete_sfun_registry.obj
 0004:000002e8       $pdata$_ssSetInputPortSymbolicDimsId 00000001800192e8     Copy_of_npsauv_complete_sfun_registry.obj
 0004:000002f4       $pdata$_ssGetCompInputPortSymbolicDimsId 00000001800192f4     Copy_of_npsauv_complete_sfun_registry.obj
 0004:00000300       $pdata$_ssSetCompInputPortSymbolicDimsId 0000000180019300     Copy_of_npsauv_complete_sfun_registry.obj
 0004:0000030c       $pdata$_ssSetOutputPortSymbolicDimsId 000000018001930c     Copy_of_npsauv_complete_sfun_registry.obj
 0004:00000318       $pdata$_ssGetCompOutputPortSymbolicDimsId 0000000180019318     Copy_of_npsauv_complete_sfun_registry.obj
 0004:00000324       $pdata$_ssSetCompOutputPortSymbolicDimsId 0000000180019324     Copy_of_npsauv_complete_sfun_registry.obj
 0004:00000330       $pdata$_ssSetCompDWorkSymbolicDimsId 0000000180019330     Copy_of_npsauv_complete_sfun_registry.obj
 0004:0000033c       $pdata$ssGetIsZeroCrossControlDisabled 000000018001933c     Copy_of_npsauv_complete_sfun_registry.obj
 0004:00000348       $pdata$ssSetIsInputPortUsedForContZcSignal 0000000180019348     Copy_of_npsauv_complete_sfun_registry.obj
 0004:00000354       $pdata$ssSetZcSignalIsZcElementDisc 0000000180019354     Copy_of_npsauv_complete_sfun_registry.obj
 0004:00000360       $pdata$ssSetZcSignalName   0000000180019360     Copy_of_npsauv_complete_sfun_registry.obj
 0004:0000036c       $pdata$ssSetZcSignalWidth  000000018001936c     Copy_of_npsauv_complete_sfun_registry.obj
 0004:00000378       $pdata$ssSetZcSignalZcEventType 0000000180019378     Copy_of_npsauv_complete_sfun_registry.obj
 0004:00000384       $pdata$ssSetZcSignalType   0000000180019384     Copy_of_npsauv_complete_sfun_registry.obj
 0004:00000390       $pdata$ssSetZcSignalZcTol  0000000180019390     Copy_of_npsauv_complete_sfun_registry.obj
 0004:0000039c       $pdata$ssSetZcSignalNeedsEventNotification 000000018001939c     Copy_of_npsauv_complete_sfun_registry.obj
 0004:000003a8       $pdata$ssCreateAndAddZcSignalInfo 00000001800193a8     Copy_of_npsauv_complete_sfun_registry.obj
 0004:000003b4       $pdata$ssCloneAndAddZcSignalInfo 00000001800193b4     Copy_of_npsauv_complete_sfun_registry.obj
 0004:000003c0       $pdata$ssGetNumZcSignals   00000001800193c0     Copy_of_npsauv_complete_sfun_registry.obj
 0004:000003cc       $pdata$ssGetZcSignalVector 00000001800193cc     Copy_of_npsauv_complete_sfun_registry.obj
 0004:000003d8       $pdata$ssGetZcSignalName   00000001800193d8     Copy_of_npsauv_complete_sfun_registry.obj
 0004:000003e4       $pdata$ssGetZcSignalWidth  00000001800193e4     Copy_of_npsauv_complete_sfun_registry.obj
 0004:000003f0       $pdata$ssGetZcSignalZcEventType 00000001800193f0     Copy_of_npsauv_complete_sfun_registry.obj
 0004:000003fc       $pdata$ssGetZcSignalZcEvents 00000001800193fc     Copy_of_npsauv_complete_sfun_registry.obj
 0004:00000408       $pdata$ssGetZcSignalType   0000000180019408     Copy_of_npsauv_complete_sfun_registry.obj
 0004:00000414       $pdata$ssGetZcSignalZcTol  0000000180019414     Copy_of_npsauv_complete_sfun_registry.obj
 0004:00000420       $pdata$ssGetZcSignalNeedsEventNotification 0000000180019420     Copy_of_npsauv_complete_sfun_registry.obj
 0004:0000042c       $pdata$ssGetZcSignalIsZcElementDisc 000000018001942c     Copy_of_npsauv_complete_sfun_registry.obj
 0004:00000438       $pdata$ssGetIsInputPortElementContinuous 0000000180019438     Copy_of_npsauv_complete_sfun_registry.obj
 0004:00000444       $pdata$_ssSetIWorkValueFcn 0000000180019444     Copy_of_npsauv_complete_sfun_registry.obj
 0004:00000450       $pdata$_ssGetIWorkValueFcn 0000000180019450     Copy_of_npsauv_complete_sfun_registry.obj
 0004:0000045c       $pdata$_ssSetRWorkValueFcn 000000018001945c     Copy_of_npsauv_complete_sfun_registry.obj
 0004:00000468       $pdata$_ssGetRWorkValueFcn 0000000180019468     Copy_of_npsauv_complete_sfun_registry.obj
 0004:00000474       $pdata$_ssSetPWorkValueFcn 0000000180019474     Copy_of_npsauv_complete_sfun_registry.obj
 0004:00000480       $pdata$_ssGetPWorkValueFcn 0000000180019480     Copy_of_npsauv_complete_sfun_registry.obj
 0004:0000048c       $pdata$ssGetDTypeIdFromMxArray 000000018001948c     Copy_of_npsauv_complete_sfun_registry.obj
 0004:00000498       $pdata$ssWriteRTWStr       0000000180019498     Copy_of_npsauv_complete_sfun_registry.obj
 0004:000004a4       $pdata$ssWriteRTWNameValuePair 00000001800194a4     Copy_of_npsauv_complete_sfun_registry.obj
 0004:000004b0       $pdata$ssWriteRTWParamSettings 00000001800194b0     Copy_of_npsauv_complete_sfun_registry.obj
 0004:000004bc       $pdata$ssWriteRTWParameters 00000001800194bc     Copy_of_npsauv_complete_sfun_registry.obj
 0004:000004c8       $pdata$ssWriteRTWWorkVect  00000001800194c8     Copy_of_npsauv_complete_sfun_registry.obj
 0004:000004d4       $pdata$ssWriteRTWMxVectParam 00000001800194d4     Copy_of_npsauv_complete_sfun_registry.obj
 0004:000004e0       $pdata$ssWriteRTWMx2dMatParam 00000001800194e0     Copy_of_npsauv_complete_sfun_registry.obj
 0004:000004ec       $pdata$_ssSetInputPortMatrixDimensions 00000001800194ec     Copy_of_npsauv_complete_sfun_registry.obj
 0004:000004f8       $pdata$_ssSetOutputPortMatrixDimensions 00000001800194f8     Copy_of_npsauv_complete_sfun_registry.obj
 0004:00000504       $pdata$_ssSetInputPortVectorDimension 0000000180019504     Copy_of_npsauv_complete_sfun_registry.obj
 0004:00000510       $pdata$_ssSetOutputPortVectorDimension 0000000180019510     Copy_of_npsauv_complete_sfun_registry.obj
 0004:0000051c       $pdata$ssIsRunTimeParamTunable 000000018001951c     Copy_of_npsauv_complete_sfun_registry.obj
 0004:00000528       $pdata$ssGetSFuncBlockHandle 0000000180019528     Copy_of_npsauv_complete_sfun_registry.obj
 0004:00000534       $pdata$_ssGetCurrentInputPortWidth 0000000180019534     Copy_of_npsauv_complete_sfun_registry.obj
 0004:00000540       $pdata$_ssGetCurrentOutputPortWidth 0000000180019540     Copy_of_npsauv_complete_sfun_registry.obj
 0004:0000054c       $pdata$_ssGetCallSystemNumFcnCallDestinations 000000018001954c     Copy_of_npsauv_complete_sfun_registry.obj
 0004:00000558       $pdata$ssGetParameterTuningCompliance 0000000180019558     Copy_of_npsauv_complete_sfun_registry.obj
 0004:00000564       $pdata$ssWarning           0000000180019564     Copy_of_npsauv_complete_sfun_registry.obj
 0004:00000570       $pdata$_ssGetAbsTol        0000000180019570     Copy_of_npsauv_complete_sfun_registry.obj
 0004:0000057c       $pdata$sf_process_check_sum_call 000000018001957c     Copy_of_npsauv_complete_sfun_registry.obj
 0004:00000588       $pdata$sf_process_autoinheritance_call 0000000180019588     Copy_of_npsauv_complete_sfun_registry.obj
 0004:00000594       $pdata$sf_process_get_third_party_uses_info_call 0000000180019594     Copy_of_npsauv_complete_sfun_registry.obj
 0004:000005a0       $pdata$sf_process_get_jit_fallback_info_call 00000001800195a0     Copy_of_npsauv_complete_sfun_registry.obj
 0004:000005ac       $pdata$sf_process_get_updateBuildInfo_args_info_call 00000001800195ac     Copy_of_npsauv_complete_sfun_registry.obj
 0004:000005b8       $pdata$sf_process_get_eml_resolved_functions_info_call 00000001800195b8     Copy_of_npsauv_complete_sfun_registry.obj
 0004:000005c4       $pdata$sf_mex_unlock_call  00000001800195c4     Copy_of_npsauv_complete_sfun_registry.obj
 0004:000005d0       $pdata$sf_debug_api_wrapper 00000001800195d0     Copy_of_npsauv_complete_sfun_registry.obj
 0004:000005dc       $pdata$ProcessMexSfunctionCmdLineCall 00000001800195dc     Copy_of_npsauv_complete_sfun_registry.obj
 0004:000005e8       $pdata$sf_machine_global_initializer_called 00000001800195e8     Copy_of_npsauv_complete_sfun_registry.obj
 0004:000005f4       $pdata$sf_machine_global_method_dispatcher 00000001800195f4     Copy_of_npsauv_complete_sfun_registry.obj
 0004:00000600       $pdata$sf_machine_global_terminator 0000000180019600     Copy_of_npsauv_complete_sfun_registry.obj
 0004:0000060c       $pdata$sf_register_machine_exported_symbols 000000018001960c     Copy_of_npsauv_complete_sfun_registry.obj
 0004:00000618       $pdata$sf_machine_global_initializer 0000000180019618     Copy_of_npsauv_complete_sfun_registry.obj
 0004:00000624       $pdata$mdlGetSimState      0000000180019624     Copy_of_npsauv_complete_sfun_registry.obj
 0004:00000630       $pdata$mdlSetSimState      0000000180019630     Copy_of_npsauv_complete_sfun_registry.obj
 0004:0000063c       $pdata$mdlSetWorkWidths    000000018001963c     Copy_of_npsauv_complete_sfun_registry.obj
 0004:00000648       $pdata$mdlProcessParameters 0000000180019648     Copy_of_npsauv_complete_sfun_registry.obj
 0004:00000654       $pdata$mdl_start_processing 0000000180019654     Copy_of_npsauv_complete_sfun_registry.obj
 0004:00000660       $pdata$mdl_terminate_processing 0000000180019660     Copy_of_npsauv_complete_sfun_registry.obj
 0004:0000066c       $pdata$mdlStart            000000018001966c     Copy_of_npsauv_complete_sfun_registry.obj
 0004:00000678       $pdata$mdlTerminate        0000000180019678     Copy_of_npsauv_complete_sfun_registry.obj
 0004:00000684       $pdata$mdlInitializeSizes  0000000180019684     Copy_of_npsauv_complete_sfun_registry.obj
 0004:00000690       $pdata$mdlInitializeSampleTimes 0000000180019690     Copy_of_npsauv_complete_sfun_registry.obj
 0004:0000069c       $pdata$mdl_outputs_continuous_legacy 000000018001969c     Copy_of_npsauv_complete_sfun_registry.obj
 0004:000006a8       $pdata$mdl_outputs_processing 00000001800196a8     Copy_of_npsauv_complete_sfun_registry.obj
 0004:000006b4       $pdata$mdl_zeroCrossings_processing 00000001800196b4     Copy_of_npsauv_complete_sfun_registry.obj
 0004:000006c0       $pdata$mdlZeroCrossings    00000001800196c0     Copy_of_npsauv_complete_sfun_registry.obj
 0004:000006cc       $pdata$mdl_derivatives_processing 00000001800196cc     Copy_of_npsauv_complete_sfun_registry.obj
 0004:000006d8       $pdata$mdlDerivatives      00000001800196d8     Copy_of_npsauv_complete_sfun_registry.obj
 0004:000006e4       $pdata$mdl_initialize_conditions_processing 00000001800196e4     Copy_of_npsauv_complete_sfun_registry.obj
 0004:000006f0       $pdata$mdlInitializeConditions 00000001800196f0     Copy_of_npsauv_complete_sfun_registry.obj
 0004:000006fc       $pdata$mdl_ext_mode_exec_processing 00000001800196fc     Copy_of_npsauv_complete_sfun_registry.obj
 0004:00000708       $pdata$mdlExtModeExec      0000000180019708     Copy_of_npsauv_complete_sfun_registry.obj
 0004:00000714       $pdata$mdlRTW              0000000180019714     Copy_of_npsauv_complete_sfun_registry.obj
 0004:00000720       $pdata$mdl_enable_processing 0000000180019720     Copy_of_npsauv_complete_sfun_registry.obj
 0004:0000072c       $pdata$mdlEnable           000000018001972c     Copy_of_npsauv_complete_sfun_registry.obj
 0004:00000738       $pdata$mdl_disable_processing 0000000180019738     Copy_of_npsauv_complete_sfun_registry.obj
 0004:00000744       $pdata$mdlDisable          0000000180019744     Copy_of_npsauv_complete_sfun_registry.obj
 0004:00000750       $pdata$mdlOutputs          0000000180019750     Copy_of_npsauv_complete_sfun_registry.obj
 0004:0000075c       $pdata$mdl_update_processing 000000018001975c     Copy_of_npsauv_complete_sfun_registry.obj
 0004:00000768       $pdata$mdlUpdate           0000000180019768     Copy_of_npsauv_complete_sfun_registry.obj
 0004:00000774       $pdata$ProcessMexSfunctionEveryCall 0000000180019774     Copy_of_npsauv_complete_sfun_registry.obj
 0004:00000780       $pdata$_RegNumInputPortsCB 0000000180019780     Copy_of_npsauv_complete_sfun_registry.obj
 0004:0000078c       $pdata$_RegNumOutputPortsCB 000000018001978c     Copy_of_npsauv_complete_sfun_registry.obj
 0004:00000798       $pdata$_CreateSimStruct    0000000180019798     Copy_of_npsauv_complete_sfun_registry.obj
 0004:000007a4       $pdata$_ProcessMexSfunctionCmdLineCall 00000001800197a4     Copy_of_npsauv_complete_sfun_registry.obj
 0004:000007b0       $pdata$ReportIndexOutOfBoundsError 00000001800197b0     Copy_of_npsauv_complete_sfun_registry.obj
 0004:000007bc       $pdata$_vsnprintf_l        00000001800197bc     Copy_of_npsauv_complete_sfun_registry.obj
 0004:000007c8       $pdata$_vsprintf_l         00000001800197c8     Copy_of_npsauv_complete_sfun_registry.obj
 0004:000007d4       $pdata$sprintf             00000001800197d4     Copy_of_npsauv_complete_sfun_registry.obj
 0004:000007e0       $pdata$__raise_securityfailure 00000001800197e0     MSVCRT:gs_report.obj
 0004:000007ec       $pdata$__report_gsfailure  00000001800197ec     MSVCRT:gs_report.obj
 0004:000007f8       $pdata$__report_rangecheckfailure 00000001800197f8     MSVCRT:gs_report.obj
 0004:00000804       $pdata$__report_securityfailure 0000000180019804     MSVCRT:gs_report.obj
 0004:00000810       $pdata$__report_securityfailureEx 0000000180019810     MSVCRT:gs_report.obj
 0004:0000081c       $pdata$capture_current_context 000000018001981c     MSVCRT:gs_report.obj
 0004:00000828       $pdata$capture_previous_context 0000000180019828     MSVCRT:gs_report.obj
 0004:00000834       $pdata$__GSHandlerCheck    0000000180019834     MSVCRT:_gshandler_.obj
 0004:00000840       $pdata$__GSHandlerCheckCommon 0000000180019840     MSVCRT:_gshandler_.obj
 0004:00000858       $pdata$?dllmain_crt_dispatch@@YAHQEAUHINSTANCE__@@KQEAX@Z 0000000180019858     MSVCRT:dll_dllmain.obj
 0004:00000864       $pdata$?dllmain_crt_process_attach@@YAHQEAUHINSTANCE__@@QEAX@Z 0000000180019864     MSVCRT:dll_dllmain.obj
 0004:00000870       $pdata$?dllmain_crt_process_detach@@YAH_N@Z 0000000180019870     MSVCRT:dll_dllmain.obj
 0004:0000087c       $pdata$?dllmain_dispatch@@YAHQEAUHINSTANCE__@@KQEAX@Z 000000018001987c     MSVCRT:dll_dllmain.obj
 0004:00000888       $pdata$?dllmain_raw@@YAHQEAUHINSTANCE__@@KQEAX@Z 0000000180019888     MSVCRT:dll_dllmain.obj
 0004:00000894       $pdata$_DllMainCRTStartup  0000000180019894     MSVCRT:dll_dllmain.obj
 0004:000008a0       $pdata$?configure_argv@__scrt_narrow_argv_policy@@SAHXZ 00000001800198a0     MSVCRT:utility.obj
 0004:000008ac       $pdata$__scrt_acquire_startup_lock 00000001800198ac     MSVCRT:utility.obj
 0004:000008b8       $pdata$__scrt_dllmain_after_initialize_c 00000001800198b8     MSVCRT:utility.obj
 0004:000008c4       $pdata$__scrt_dllmain_before_initialize_c 00000001800198c4     MSVCRT:utility.obj
 0004:000008d0       $pdata$__scrt_dllmain_crt_thread_attach 00000001800198d0     MSVCRT:utility.obj
 0004:000008dc       $pdata$__scrt_dllmain_crt_thread_detach 00000001800198dc     MSVCRT:utility.obj
 0004:000008e8       $pdata$__scrt_dllmain_exception_filter 00000001800198e8     MSVCRT:utility.obj
 0004:000008f4       $pdata$__scrt_dllmain_uninitialize_c 00000001800198f4     MSVCRT:utility.obj
 0004:00000900       $pdata$__scrt_dllmain_uninitialize_critical 0000000180019900     MSVCRT:utility.obj
 0004:0000090c       $pdata$__scrt_initialize_crt 000000018001990c     MSVCRT:utility.obj
 0004:00000918       $pdata$__scrt_initialize_onexit_tables 0000000180019918     MSVCRT:utility.obj
 0004:00000924       $pdata$__scrt_is_nonwritable_in_current_image 0000000180019924     MSVCRT:utility.obj
 0004:00000930       $pdata$__scrt_release_startup_lock 0000000180019930     MSVCRT:utility.obj
 0004:0000093c       $pdata$__scrt_uninitialize_crt 000000018001993c     MSVCRT:utility.obj
 0004:00000948       $pdata$_onexit             0000000180019948     MSVCRT:utility.obj
 0004:00000954       $pdata$atexit              0000000180019954     MSVCRT:utility.obj
 0004:00000960       $pdata$__security_init_cookie 0000000180019960     MSVCRT:gs_support.obj
 0004:0000096c       $pdata$DllMain             000000018001996c     MSVCRT:dll_dllmain_stub.obj
 0004:00000978       $pdata$__scrt_initialize_default_local_stdio_options 0000000180019978     MSVCRT:default_local_stdio_options.obj
 0004:00000984       $pdata$__scrt_fastfail     0000000180019984     MSVCRT:utility_desktop.obj
 0004:00000990       $pdata$__scrt_get_show_window_mode 0000000180019990     MSVCRT:utility_desktop.obj
 0004:0000099c       $pdata$__scrt_is_managed_app 000000018001999c     MSVCRT:utility_desktop.obj
 0004:000009a8       $pdata$__scrt_unhandled_exception_filter 00000001800199a8     MSVCRT:utility_desktop.obj
 0004:000009b4       $pdata$_RTC_Initialize     00000001800199b4     MSVCRT:_initsect_.obj
 0004:000009c0       $pdata$_RTC_Terminate      00000001800199c0     MSVCRT:_initsect_.obj
 0004:000009cc       $pdata$__isa_available_init 00000001800199cc     MSVCRT:_cpu_disp_.obj
 0004:000009e4       $pdata$?fin$0@?0??dllmain_crt_process_attach@@YAHQEAUHINSTANCE__@@QEAX@Z@4HA 00000001800199e4     MSVCRT:dll_dllmain.obj
 0004:000009f0       $pdata$?fin$0@?0??dllmain_crt_process_detach@@YAH_N@Z@4HA 00000001800199f0     MSVCRT:dll_dllmain.obj
 0004:000009fc       $pdata$?filt$0@?0??dllmain_dispatch@@YAHQEAUHINSTANCE__@@KQEAX@Z@4HA 00000001800199fc     MSVCRT:dll_dllmain.obj
 0004:00000a08       $pdata$__scrt_is_nonwritable_in_current_image$filt$0 0000000180019a08     MSVCRT:utility.obj
 0005:00000000       __guard_fids_?dllmain_crt_process_attach@@YAHQEAUHINSTANCE__@@QEAX@Z 000000018001a000     MSVCRT:dll_dllmain.obj
 0005:00000008       __guard_fids_?dllmain_dispatch@@YAHQEAUHINSTANCE__@@KQEAX@Z 000000018001a008     MSVCRT:dll_dllmain.obj
 0005:0000000c       __guard_fids___scrt_set_unhandled_exception_filter 000000018001a00c     MSVCRT:utility_desktop.obj
 0005:00000010       __guard_fids__             000000018001a010     MSVCRT:guard_support.obj
 0005:00000014       __guard_fids__guard_icall_checks_enforced 000000018001a014     MSVCRT:guard_support.obj
